Archive member included to satisfy reference by file (symbol)

/home/tlopfest/NXP/S32DS.3.4/S32DS/build_tools/gcc_v6.3/gcc-6.3-arm32-eabi/arm-none-eabi/newlib/lib/thumb/v7e-m/libc.a(lib_a-exit.o)
                              /home/tlopfest/NXP/S32DS.3.4/S32DS/build_tools/gcc_v6.3/gcc-6.3-arm32-eabi/arm-none-eabi/newlib/lib/thumb/v7e-m/crt0.o (exit)
/home/tlopfest/NXP/S32DS.3.4/S32DS/build_tools/gcc_v6.3/gcc-6.3-arm32-eabi/arm-none-eabi/newlib/lib/thumb/v7e-m/libc.a(lib_a-impure.o)
                              /home/tlopfest/NXP/S32DS.3.4/S32DS/build_tools/gcc_v6.3/gcc-6.3-arm32-eabi/arm-none-eabi/newlib/lib/thumb/v7e-m/libc.a(lib_a-exit.o) (_global_impure_ptr)
/home/tlopfest/NXP/S32DS.3.4/S32DS/build_tools/gcc_v6.3/gcc-6.3-arm32-eabi/arm-none-eabi/newlib/lib/thumb/v7e-m/libc.a(lib_a-init.o)
                              /home/tlopfest/NXP/S32DS.3.4/S32DS/build_tools/gcc_v6.3/gcc-6.3-arm32-eabi/arm-none-eabi/newlib/lib/thumb/v7e-m/crt0.o (__libc_init_array)
/home/tlopfest/NXP/S32DS.3.4/S32DS/build_tools/gcc_v6.3/gcc-6.3-arm32-eabi/arm-none-eabi/newlib/lib/thumb/v7e-m/libc.a(lib_a-memset.o)
                              /home/tlopfest/NXP/S32DS.3.4/S32DS/build_tools/gcc_v6.3/gcc-6.3-arm32-eabi/arm-none-eabi/newlib/lib/thumb/v7e-m/crt0.o (memset)
/home/tlopfest/NXP/S32DS.3.4/S32DS/build_tools/gcc_v6.3/gcc-6.3-arm32-eabi/arm-none-eabi/newlib/lib/thumb/v7e-m/libc.a(lib_a-__call_atexit.o)
                              /home/tlopfest/NXP/S32DS.3.4/S32DS/build_tools/gcc_v6.3/gcc-6.3-arm32-eabi/arm-none-eabi/newlib/lib/thumb/v7e-m/libc.a(lib_a-exit.o) (__call_exitprocs)
/home/tlopfest/NXP/S32DS.3.4/S32DS/build_tools/gcc_v6.3/gcc-6.3-arm32-eabi/arm-none-eabi/newlib/lib/thumb/v7e-m/libc.a(lib_a-fini.o)
                              /home/tlopfest/NXP/S32DS.3.4/S32DS/build_tools/gcc_v6.3/gcc-6.3-arm32-eabi/arm-none-eabi/newlib/lib/thumb/v7e-m/libc.a(lib_a-__call_atexit.o) (__libc_fini_array)
/home/tlopfest/NXP/S32DS.3.4/S32DS/build_tools/gcc_v6.3/gcc-6.3-arm32-eabi/arm-none-eabi/newlib/lib/thumb/v7e-m/libc.a(lib_a-atexit.o)
                              /home/tlopfest/NXP/S32DS.3.4/S32DS/build_tools/gcc_v6.3/gcc-6.3-arm32-eabi/arm-none-eabi/newlib/lib/thumb/v7e-m/libc.a(lib_a-__call_atexit.o) (atexit)
/home/tlopfest/NXP/S32DS.3.4/S32DS/build_tools/gcc_v6.3/gcc-6.3-arm32-eabi/arm-none-eabi/newlib/lib/thumb/v7e-m/libc.a(lib_a-__atexit.o)
                              /home/tlopfest/NXP/S32DS.3.4/S32DS/build_tools/gcc_v6.3/gcc-6.3-arm32-eabi/arm-none-eabi/newlib/lib/thumb/v7e-m/libc.a(lib_a-atexit.o) (__register_exitproc)
/home/tlopfest/NXP/S32DS.3.4/S32DS/build_tools/gcc_v6.3/gcc-6.3-arm32-eabi/arm-none-eabi/newlib/lib/thumb/v7e-m/libnosys.a(_exit.o)
                              /home/tlopfest/NXP/S32DS.3.4/S32DS/build_tools/gcc_v6.3/gcc-6.3-arm32-eabi/arm-none-eabi/newlib/lib/thumb/v7e-m/libc.a(lib_a-exit.o) (_exit)

Allocating common symbols
Common symbol       size              file

RxDATA              0x8               ./include/FlexCAN.o
RxID                0x4               ./include/FlexCAN.o
RxLENGTH            0x4               ./include/FlexCAN.o
RxCODE              0x4               ./include/FlexCAN.o
hex                 0x8               ./src/main.o
RxTIMESTAMP         0x4               ./include/FlexCAN.o

Discarded input sections

 .text          0x00000000        0x0 /home/tlopfest/NXP/S32DS.3.4/S32DS/build_tools/gcc_v6.3/gcc-6.3-arm32-eabi/bin/../lib/gcc/arm-none-eabi/6.3.1/thumb/v7e-m/crti.o
 .data          0x00000000        0x0 /home/tlopfest/NXP/S32DS.3.4/S32DS/build_tools/gcc_v6.3/gcc-6.3-arm32-eabi/bin/../lib/gcc/arm-none-eabi/6.3.1/thumb/v7e-m/crti.o
 .bss           0x00000000        0x0 /home/tlopfest/NXP/S32DS.3.4/S32DS/build_tools/gcc_v6.3/gcc-6.3-arm32-eabi/bin/../lib/gcc/arm-none-eabi/6.3.1/thumb/v7e-m/crti.o
 .data          0x00000000        0x4 /home/tlopfest/NXP/S32DS.3.4/S32DS/build_tools/gcc_v6.3/gcc-6.3-arm32-eabi/bin/../lib/gcc/arm-none-eabi/6.3.1/thumb/v7e-m/crtbegin.o
 .data          0x00000000        0x0 /home/tlopfest/NXP/S32DS.3.4/S32DS/build_tools/gcc_v6.3/gcc-6.3-arm32-eabi/arm-none-eabi/newlib/lib/thumb/v7e-m/crt0.o
 .bss           0x00000000        0x0 /home/tlopfest/NXP/S32DS.3.4/S32DS/build_tools/gcc_v6.3/gcc-6.3-arm32-eabi/arm-none-eabi/newlib/lib/thumb/v7e-m/crt0.o
 .ARM.extab     0x00000000        0x0 /home/tlopfest/NXP/S32DS.3.4/S32DS/build_tools/gcc_v6.3/gcc-6.3-arm32-eabi/arm-none-eabi/newlib/lib/thumb/v7e-m/crt0.o
 .group         0x00000000        0x8 ./Project_Settings/Startup_Code/startup.o
 .group         0x00000000        0x8 ./Project_Settings/Startup_Code/startup.o
 .group         0x00000000        0x8 ./Project_Settings/Startup_Code/startup.o
 .group         0x00000000        0x8 ./Project_Settings/Startup_Code/startup.o
 .group         0x00000000        0x8 ./Project_Settings/Startup_Code/startup.o
 .group         0x00000000        0x8 ./Project_Settings/Startup_Code/startup.o
 .group         0x00000000        0x8 ./Project_Settings/Startup_Code/startup.o
 .group         0x00000000        0x8 ./Project_Settings/Startup_Code/startup.o
 .group         0x00000000        0x8 ./Project_Settings/Startup_Code/startup.o
 .group         0x00000000        0x8 ./Project_Settings/Startup_Code/startup.o
 .group         0x00000000        0x8 ./Project_Settings/Startup_Code/startup.o
 .group         0x00000000        0x8 ./Project_Settings/Startup_Code/startup.o
 .group         0x00000000        0x8 ./Project_Settings/Startup_Code/startup.o
 .text          0x00000000        0x0 ./Project_Settings/Startup_Code/startup.o
 .data          0x00000000        0x0 ./Project_Settings/Startup_Code/startup.o
 .bss           0x00000000        0x0 ./Project_Settings/Startup_Code/startup.o
 .rodata.s_vectors
                0x00000000        0x4 ./Project_Settings/Startup_Code/startup.o
 .data          0x00000000        0x0 ./Project_Settings/Startup_Code/startup_S32K144.o
 .bss           0x00000000        0x0 ./Project_Settings/Startup_Code/startup_S32K144.o
 .group         0x00000000        0x8 ./Project_Settings/Startup_Code/system_S32K144.o
 .group         0x00000000        0x8 ./Project_Settings/Startup_Code/system_S32K144.o
 .group         0x00000000        0x8 ./Project_Settings/Startup_Code/system_S32K144.o
 .group         0x00000000        0x8 ./Project_Settings/Startup_Code/system_S32K144.o
 .group         0x00000000        0x8 ./Project_Settings/Startup_Code/system_S32K144.o
 .group         0x00000000        0x8 ./Project_Settings/Startup_Code/system_S32K144.o
 .group         0x00000000        0x8 ./Project_Settings/Startup_Code/system_S32K144.o
 .group         0x00000000        0x8 ./Project_Settings/Startup_Code/system_S32K144.o
 .group         0x00000000        0x8 ./Project_Settings/Startup_Code/system_S32K144.o
 .group         0x00000000        0x8 ./Project_Settings/Startup_Code/system_S32K144.o
 .group         0x00000000        0x8 ./Project_Settings/Startup_Code/system_S32K144.o
 .group         0x00000000        0x8 ./Project_Settings/Startup_Code/system_S32K144.o
 .group         0x00000000        0x8 ./Project_Settings/Startup_Code/system_S32K144.o
 .group         0x00000000        0x8 ./Project_Settings/Startup_Code/system_S32K144.o
 .text          0x00000000        0x0 ./Project_Settings/Startup_Code/system_S32K144.o
 .data          0x00000000        0x0 ./Project_Settings/Startup_Code/system_S32K144.o
 .bss           0x00000000        0x0 ./Project_Settings/Startup_Code/system_S32K144.o
 .data.SystemCoreClock
                0x00000000        0x4 ./Project_Settings/Startup_Code/system_S32K144.o
 .text.SystemCoreClockUpdate
                0x00000000       0xf0 ./Project_Settings/Startup_Code/system_S32K144.o
 .text.SystemSoftwareReset
                0x00000000       0x3e ./Project_Settings/Startup_Code/system_S32K144.o
 .rodata.fircFreq.5179
                0x00000000        0x4 ./Project_Settings/Startup_Code/system_S32K144.o
 .debug_macro   0x00000000      0x8d4 ./Project_Settings/Startup_Code/system_S32K144.o
 .debug_macro   0x00000000       0x10 ./Project_Settings/Startup_Code/system_S32K144.o
 .debug_macro   0x00000000       0x7a ./Project_Settings/Startup_Code/system_S32K144.o
 .debug_macro   0x00000000       0x22 ./Project_Settings/Startup_Code/system_S32K144.o
 .debug_macro   0x00000000       0x87 ./Project_Settings/Startup_Code/system_S32K144.o
 .debug_macro   0x00000000       0x51 ./Project_Settings/Startup_Code/system_S32K144.o
 .debug_macro   0x00000000       0xef ./Project_Settings/Startup_Code/system_S32K144.o
 .debug_macro   0x00000000       0x6a ./Project_Settings/Startup_Code/system_S32K144.o
 .debug_macro   0x00000000      0x1df ./Project_Settings/Startup_Code/system_S32K144.o
 .debug_macro   0x00000000      0xbbe ./Project_Settings/Startup_Code/system_S32K144.o
 .debug_macro   0x00000000       0x22 ./Project_Settings/Startup_Code/system_S32K144.o
 .group         0x00000000        0x8 ./include/ADC.o
 .group         0x00000000        0x8 ./include/ADC.o
 .group         0x00000000        0x8 ./include/ADC.o
 .group         0x00000000        0x8 ./include/ADC.o
 .group         0x00000000        0x8 ./include/ADC.o
 .group         0x00000000        0x8 ./include/ADC.o
 .group         0x00000000        0x8 ./include/ADC.o
 .group         0x00000000        0x8 ./include/ADC.o
 .group         0x00000000        0x8 ./include/ADC.o
 .text          0x00000000        0x0 ./include/ADC.o
 .data          0x00000000        0x0 ./include/ADC.o
 .bss           0x00000000        0x0 ./include/ADC.o
 .debug_macro   0x00000000      0x8d4 ./include/ADC.o
 .debug_macro   0x00000000       0x19 ./include/ADC.o
 .debug_macro   0x00000000       0x22 ./include/ADC.o
 .debug_macro   0x00000000       0x87 ./include/ADC.o
 .debug_macro   0x00000000       0x51 ./include/ADC.o
 .debug_macro   0x00000000       0xef ./include/ADC.o
 .debug_macro   0x00000000       0x6a ./include/ADC.o
 .debug_macro   0x00000000      0x1df ./include/ADC.o
 .debug_macro   0x00000000     0xee82 ./include/ADC.o
 .group         0x00000000        0x8 ./include/FlexCAN.o
 .group         0x00000000        0x8 ./include/FlexCAN.o
 .group         0x00000000        0x8 ./include/FlexCAN.o
 .group         0x00000000        0x8 ./include/FlexCAN.o
 .group         0x00000000        0x8 ./include/FlexCAN.o
 .group         0x00000000        0x8 ./include/FlexCAN.o
 .group         0x00000000        0x8 ./include/FlexCAN.o
 .group         0x00000000        0x8 ./include/FlexCAN.o
 .group         0x00000000        0x8 ./include/FlexCAN.o
 .text          0x00000000        0x0 ./include/FlexCAN.o
 .data          0x00000000        0x0 ./include/FlexCAN.o
 .bss           0x00000000        0x0 ./include/FlexCAN.o
 .text.FLEXCAN0_transmit_msg_test
                0x00000000       0x48 ./include/FlexCAN.o
 .text.FLEXCAN0_receive_msg_test
                0x00000000       0x94 ./include/FlexCAN.o
 .debug_macro   0x00000000      0x8d4 ./include/FlexCAN.o
 .debug_macro   0x00000000       0x19 ./include/FlexCAN.o
 .debug_macro   0x00000000       0x22 ./include/FlexCAN.o
 .debug_macro   0x00000000       0x87 ./include/FlexCAN.o
 .debug_macro   0x00000000       0x51 ./include/FlexCAN.o
 .debug_macro   0x00000000       0xef ./include/FlexCAN.o
 .debug_macro   0x00000000       0x6a ./include/FlexCAN.o
 .debug_macro   0x00000000      0x1df ./include/FlexCAN.o
 .debug_macro   0x00000000     0xee82 ./include/FlexCAN.o
 COMMON         0x00000000       0x18 ./include/FlexCAN.o
 .group         0x00000000        0x8 ./include/clocks_and_modes.o
 .group         0x00000000        0x8 ./include/clocks_and_modes.o
 .group         0x00000000        0x8 ./include/clocks_and_modes.o
 .group         0x00000000        0x8 ./include/clocks_and_modes.o
 .group         0x00000000        0x8 ./include/clocks_and_modes.o
 .group         0x00000000        0x8 ./include/clocks_and_modes.o
 .group         0x00000000        0x8 ./include/clocks_and_modes.o
 .group         0x00000000        0x8 ./include/clocks_and_modes.o
 .group         0x00000000        0x8 ./include/clocks_and_modes.o
 .text          0x00000000        0x0 ./include/clocks_and_modes.o
 .data          0x00000000        0x0 ./include/clocks_and_modes.o
 .bss           0x00000000        0x0 ./include/clocks_and_modes.o
 .debug_macro   0x00000000      0x8d4 ./include/clocks_and_modes.o
 .debug_macro   0x00000000       0x19 ./include/clocks_and_modes.o
 .debug_macro   0x00000000       0x22 ./include/clocks_and_modes.o
 .debug_macro   0x00000000       0x87 ./include/clocks_and_modes.o
 .debug_macro   0x00000000       0x51 ./include/clocks_and_modes.o
 .debug_macro   0x00000000       0xef ./include/clocks_and_modes.o
 .debug_macro   0x00000000       0x6a ./include/clocks_and_modes.o
 .debug_macro   0x00000000      0x1df ./include/clocks_and_modes.o
 .debug_macro   0x00000000     0xee82 ./include/clocks_and_modes.o
 .group         0x00000000        0x8 ./src/main.o
 .group         0x00000000        0x8 ./src/main.o
 .group         0x00000000        0x8 ./src/main.o
 .group         0x00000000        0x8 ./src/main.o
 .group         0x00000000        0x8 ./src/main.o
 .group         0x00000000        0x8 ./src/main.o
 .group         0x00000000        0x8 ./src/main.o
 .group         0x00000000        0x8 ./src/main.o
 .group         0x00000000        0x8 ./src/main.o
 .text          0x00000000        0x0 ./src/main.o
 .data          0x00000000        0x0 ./src/main.o
 .bss           0x00000000        0x0 ./src/main.o
 .data.REF_VOLT
                0x00000000        0x4 ./src/main.o
 .bss.led       0x00000000        0x4 ./src/main.o
 .text.Power_LED
                0x00000000       0x38 ./src/main.o
 .debug_macro   0x00000000      0x8d4 ./src/main.o
 .debug_macro   0x00000000       0x19 ./src/main.o
 .debug_macro   0x00000000       0x22 ./src/main.o
 .debug_macro   0x00000000       0x87 ./src/main.o
 .debug_macro   0x00000000       0x51 ./src/main.o
 .debug_macro   0x00000000       0xef ./src/main.o
 .debug_macro   0x00000000       0x6a ./src/main.o
 .debug_macro   0x00000000      0x1df ./src/main.o
 .debug_macro   0x00000000     0xee82 ./src/main.o
 .text          0x00000000        0x0 /home/tlopfest/NXP/S32DS.3.4/S32DS/build_tools/gcc_v6.3/gcc-6.3-arm32-eabi/arm-none-eabi/newlib/lib/thumb/v7e-m/libc.a(lib_a-exit.o)
 .data          0x00000000        0x0 /home/tlopfest/NXP/S32DS.3.4/S32DS/build_tools/gcc_v6.3/gcc-6.3-arm32-eabi/arm-none-eabi/newlib/lib/thumb/v7e-m/libc.a(lib_a-exit.o)
 .bss           0x00000000        0x0 /home/tlopfest/NXP/S32DS.3.4/S32DS/build_tools/gcc_v6.3/gcc-6.3-arm32-eabi/arm-none-eabi/newlib/lib/thumb/v7e-m/libc.a(lib_a-exit.o)
 .text          0x00000000        0x0 /home/tlopfest/NXP/S32DS.3.4/S32DS/build_tools/gcc_v6.3/gcc-6.3-arm32-eabi/arm-none-eabi/newlib/lib/thumb/v7e-m/libc.a(lib_a-impure.o)
 .data          0x00000000        0x0 /home/tlopfest/NXP/S32DS.3.4/S32DS/build_tools/gcc_v6.3/gcc-6.3-arm32-eabi/arm-none-eabi/newlib/lib/thumb/v7e-m/libc.a(lib_a-impure.o)
 .bss           0x00000000        0x0 /home/tlopfest/NXP/S32DS.3.4/S32DS/build_tools/gcc_v6.3/gcc-6.3-arm32-eabi/arm-none-eabi/newlib/lib/thumb/v7e-m/libc.a(lib_a-impure.o)
 .data._impure_ptr
                0x00000000        0x4 /home/tlopfest/NXP/S32DS.3.4/S32DS/build_tools/gcc_v6.3/gcc-6.3-arm32-eabi/arm-none-eabi/newlib/lib/thumb/v7e-m/libc.a(lib_a-impure.o)
 .text          0x00000000        0x0 /home/tlopfest/NXP/S32DS.3.4/S32DS/build_tools/gcc_v6.3/gcc-6.3-arm32-eabi/arm-none-eabi/newlib/lib/thumb/v7e-m/libc.a(lib_a-init.o)
 .data          0x00000000        0x0 /home/tlopfest/NXP/S32DS.3.4/S32DS/build_tools/gcc_v6.3/gcc-6.3-arm32-eabi/arm-none-eabi/newlib/lib/thumb/v7e-m/libc.a(lib_a-init.o)
 .bss           0x00000000        0x0 /home/tlopfest/NXP/S32DS.3.4/S32DS/build_tools/gcc_v6.3/gcc-6.3-arm32-eabi/arm-none-eabi/newlib/lib/thumb/v7e-m/libc.a(lib_a-init.o)
 .text          0x00000000        0x0 /home/tlopfest/NXP/S32DS.3.4/S32DS/build_tools/gcc_v6.3/gcc-6.3-arm32-eabi/arm-none-eabi/newlib/lib/thumb/v7e-m/libc.a(lib_a-memset.o)
 .data          0x00000000        0x0 /home/tlopfest/NXP/S32DS.3.4/S32DS/build_tools/gcc_v6.3/gcc-6.3-arm32-eabi/arm-none-eabi/newlib/lib/thumb/v7e-m/libc.a(lib_a-memset.o)
 .bss           0x00000000        0x0 /home/tlopfest/NXP/S32DS.3.4/S32DS/build_tools/gcc_v6.3/gcc-6.3-arm32-eabi/arm-none-eabi/newlib/lib/thumb/v7e-m/libc.a(lib_a-memset.o)
 .text          0x00000000        0x0 /home/tlopfest/NXP/S32DS.3.4/S32DS/build_tools/gcc_v6.3/gcc-6.3-arm32-eabi/arm-none-eabi/newlib/lib/thumb/v7e-m/libc.a(lib_a-__call_atexit.o)
 .data          0x00000000        0x0 /home/tlopfest/NXP/S32DS.3.4/S32DS/build_tools/gcc_v6.3/gcc-6.3-arm32-eabi/arm-none-eabi/newlib/lib/thumb/v7e-m/libc.a(lib_a-__call_atexit.o)
 .bss           0x00000000        0x0 /home/tlopfest/NXP/S32DS.3.4/S32DS/build_tools/gcc_v6.3/gcc-6.3-arm32-eabi/arm-none-eabi/newlib/lib/thumb/v7e-m/libc.a(lib_a-__call_atexit.o)
 .text          0x00000000        0x0 /home/tlopfest/NXP/S32DS.3.4/S32DS/build_tools/gcc_v6.3/gcc-6.3-arm32-eabi/arm-none-eabi/newlib/lib/thumb/v7e-m/libc.a(lib_a-fini.o)
 .data          0x00000000        0x0 /home/tlopfest/NXP/S32DS.3.4/S32DS/build_tools/gcc_v6.3/gcc-6.3-arm32-eabi/arm-none-eabi/newlib/lib/thumb/v7e-m/libc.a(lib_a-fini.o)
 .bss           0x00000000        0x0 /home/tlopfest/NXP/S32DS.3.4/S32DS/build_tools/gcc_v6.3/gcc-6.3-arm32-eabi/arm-none-eabi/newlib/lib/thumb/v7e-m/libc.a(lib_a-fini.o)
 .text          0x00000000        0x0 /home/tlopfest/NXP/S32DS.3.4/S32DS/build_tools/gcc_v6.3/gcc-6.3-arm32-eabi/arm-none-eabi/newlib/lib/thumb/v7e-m/libc.a(lib_a-atexit.o)
 .data          0x00000000        0x0 /home/tlopfest/NXP/S32DS.3.4/S32DS/build_tools/gcc_v6.3/gcc-6.3-arm32-eabi/arm-none-eabi/newlib/lib/thumb/v7e-m/libc.a(lib_a-atexit.o)
 .bss           0x00000000        0x0 /home/tlopfest/NXP/S32DS.3.4/S32DS/build_tools/gcc_v6.3/gcc-6.3-arm32-eabi/arm-none-eabi/newlib/lib/thumb/v7e-m/libc.a(lib_a-atexit.o)
 .text          0x00000000        0x0 /home/tlopfest/NXP/S32DS.3.4/S32DS/build_tools/gcc_v6.3/gcc-6.3-arm32-eabi/arm-none-eabi/newlib/lib/thumb/v7e-m/libc.a(lib_a-__atexit.o)
 .data          0x00000000        0x0 /home/tlopfest/NXP/S32DS.3.4/S32DS/build_tools/gcc_v6.3/gcc-6.3-arm32-eabi/arm-none-eabi/newlib/lib/thumb/v7e-m/libc.a(lib_a-__atexit.o)
 .bss           0x00000000        0x0 /home/tlopfest/NXP/S32DS.3.4/S32DS/build_tools/gcc_v6.3/gcc-6.3-arm32-eabi/arm-none-eabi/newlib/lib/thumb/v7e-m/libc.a(lib_a-__atexit.o)
 .text          0x00000000        0x0 /home/tlopfest/NXP/S32DS.3.4/S32DS/build_tools/gcc_v6.3/gcc-6.3-arm32-eabi/arm-none-eabi/newlib/lib/thumb/v7e-m/libnosys.a(_exit.o)
 .data          0x00000000        0x0 /home/tlopfest/NXP/S32DS.3.4/S32DS/build_tools/gcc_v6.3/gcc-6.3-arm32-eabi/arm-none-eabi/newlib/lib/thumb/v7e-m/libnosys.a(_exit.o)
 .bss           0x00000000        0x0 /home/tlopfest/NXP/S32DS.3.4/S32DS/build_tools/gcc_v6.3/gcc-6.3-arm32-eabi/arm-none-eabi/newlib/lib/thumb/v7e-m/libnosys.a(_exit.o)
 .text          0x00000000        0x0 /home/tlopfest/NXP/S32DS.3.4/S32DS/build_tools/gcc_v6.3/gcc-6.3-arm32-eabi/bin/../lib/gcc/arm-none-eabi/6.3.1/thumb/v7e-m/crtend.o
 .data          0x00000000        0x0 /home/tlopfest/NXP/S32DS.3.4/S32DS/build_tools/gcc_v6.3/gcc-6.3-arm32-eabi/bin/../lib/gcc/arm-none-eabi/6.3.1/thumb/v7e-m/crtend.o
 .bss           0x00000000        0x0 /home/tlopfest/NXP/S32DS.3.4/S32DS/build_tools/gcc_v6.3/gcc-6.3-arm32-eabi/bin/../lib/gcc/arm-none-eabi/6.3.1/thumb/v7e-m/crtend.o
 .eh_frame      0x00000000        0x4 /home/tlopfest/NXP/S32DS.3.4/S32DS/build_tools/gcc_v6.3/gcc-6.3-arm32-eabi/bin/../lib/gcc/arm-none-eabi/6.3.1/thumb/v7e-m/crtend.o
 .text          0x00000000        0x0 /home/tlopfest/NXP/S32DS.3.4/S32DS/build_tools/gcc_v6.3/gcc-6.3-arm32-eabi/bin/../lib/gcc/arm-none-eabi/6.3.1/thumb/v7e-m/crtn.o
 .data          0x00000000        0x0 /home/tlopfest/NXP/S32DS.3.4/S32DS/build_tools/gcc_v6.3/gcc-6.3-arm32-eabi/bin/../lib/gcc/arm-none-eabi/6.3.1/thumb/v7e-m/crtn.o
 .bss           0x00000000        0x0 /home/tlopfest/NXP/S32DS.3.4/S32DS/build_tools/gcc_v6.3/gcc-6.3-arm32-eabi/bin/../lib/gcc/arm-none-eabi/6.3.1/thumb/v7e-m/crtn.o

Memory Configuration

Name             Origin             Length             Attributes
m_interrupts     0x00000000         0x00000400         xr
m_flash_config   0x00000400         0x00000010         xr
m_text           0x00000410         0x0007fbf0         xr
m_data           0x1fff8000         0x00008000         rw
m_data_2         0x20000000         0x00007000         rw
*default*        0x00000000         0xffffffff

Linker script and memory map

LOAD /home/tlopfest/NXP/S32DS.3.4/S32DS/build_tools/gcc_v6.3/gcc-6.3-arm32-eabi/bin/../lib/gcc/arm-none-eabi/6.3.1/thumb/v7e-m/crti.o
LOAD /home/tlopfest/NXP/S32DS.3.4/S32DS/build_tools/gcc_v6.3/gcc-6.3-arm32-eabi/bin/../lib/gcc/arm-none-eabi/6.3.1/thumb/v7e-m/crtbegin.o
LOAD /home/tlopfest/NXP/S32DS.3.4/S32DS/build_tools/gcc_v6.3/gcc-6.3-arm32-eabi/arm-none-eabi/newlib/lib/thumb/v7e-m/crt0.o
LOAD ./Project_Settings/Startup_Code/startup.o
LOAD ./Project_Settings/Startup_Code/startup_S32K144.o
LOAD ./Project_Settings/Startup_Code/system_S32K144.o
LOAD ./include/ADC.o
LOAD ./include/FlexCAN.o
LOAD ./include/clocks_and_modes.o
LOAD ./src/main.o
START GROUP
LOAD /home/tlopfest/NXP/S32DS.3.4/S32DS/build_tools/gcc_v6.3/gcc-6.3-arm32-eabi/bin/../lib/gcc/arm-none-eabi/6.3.1/thumb/v7e-m/libgcc.a
LOAD /home/tlopfest/NXP/S32DS.3.4/S32DS/build_tools/gcc_v6.3/gcc-6.3-arm32-eabi/arm-none-eabi/newlib/lib/thumb/v7e-m/libc.a
END GROUP
START GROUP
LOAD /home/tlopfest/NXP/S32DS.3.4/S32DS/build_tools/gcc_v6.3/gcc-6.3-arm32-eabi/bin/../lib/gcc/arm-none-eabi/6.3.1/thumb/v7e-m/libgcc.a
LOAD /home/tlopfest/NXP/S32DS.3.4/S32DS/build_tools/gcc_v6.3/gcc-6.3-arm32-eabi/arm-none-eabi/newlib/lib/thumb/v7e-m/libc.a
LOAD /home/tlopfest/NXP/S32DS.3.4/S32DS/build_tools/gcc_v6.3/gcc-6.3-arm32-eabi/arm-none-eabi/newlib/lib/thumb/v7e-m/libnosys.a
END GROUP
LOAD /home/tlopfest/NXP/S32DS.3.4/S32DS/build_tools/gcc_v6.3/gcc-6.3-arm32-eabi/bin/../lib/gcc/arm-none-eabi/6.3.1/thumb/v7e-m/crtend.o
LOAD /home/tlopfest/NXP/S32DS.3.4/S32DS/build_tools/gcc_v6.3/gcc-6.3-arm32-eabi/bin/../lib/gcc/arm-none-eabi/6.3.1/thumb/v7e-m/crtn.o
                0x00000400                HEAP_SIZE = DEFINED (__heap_size__)?__heap_size__:0x400
                0x00000400                STACK_SIZE = DEFINED (__stack_size__)?__stack_size__:0x400
                0x00000400                M_VECTOR_RAM_SIZE = DEFINED (__flash_vector_table__)?0x0:0x400

.interrupts     0x00000000      0x400
                0x00000000                __VECTOR_TABLE = .
                0x00000000                __interrupts_start__ = .
                0x00000000                . = ALIGN (0x4)
 *(.isr_vector)
 .isr_vector    0x00000000      0x400 ./Project_Settings/Startup_Code/startup_S32K144.o
                0x00000000                __isr_vector
                0x00000400                __interrupts_end__ = .
                0x00000400                . = ALIGN (0x4)

.flash_config   0x00000400       0x10
                0x00000400                . = ALIGN (0x4)
 *(.FlashConfig)
 .FlashConfig   0x00000400       0x10 ./Project_Settings/Startup_Code/startup_S32K144.o
                0x00000410                . = ALIGN (0x4)

.text           0x00000410      0xab0
                0x00000410                . = ALIGN (0x4)
 *(.text)
 .text          0x00000410       0xa4 /home/tlopfest/NXP/S32DS.3.4/S32DS/build_tools/gcc_v6.3/gcc-6.3-arm32-eabi/bin/../lib/gcc/arm-none-eabi/6.3.1/thumb/v7e-m/crtbegin.o
 .text          0x000004b4       0x74 /home/tlopfest/NXP/S32DS.3.4/S32DS/build_tools/gcc_v6.3/gcc-6.3-arm32-eabi/arm-none-eabi/newlib/lib/thumb/v7e-m/crt0.o
                0x000004b4                _mainCRTStartup
                0x000004b4                _start
 .text          0x00000528       0x6c ./Project_Settings/Startup_Code/startup_S32K144.o
                0x00000528                Reset_Handler
                0x00000590                Reserved54_IRQHandler
                0x00000590                DebugMon_Handler
                0x00000590                Reserved88_IRQHandler
                0x00000590                CAN0_ORed_IRQHandler
                0x00000590                HardFault_Handler
                0x00000590                Reserved86_IRQHandler
                0x00000590                Reserved103_IRQHandler
                0x00000590                SysTick_Handler
                0x00000590                FTM2_Ovf_Reload_IRQHandler
                0x00000590                Reserved50_IRQHandler
                0x00000590                FTFC_Fault_IRQHandler
                0x00000590                FTM0_Ch6_Ch7_IRQHandler
                0x00000590                Reserved114_IRQHandler
                0x00000590                PendSV_Handler
                0x00000590                NMI_Handler
                0x00000590                Reserved89_IRQHandler
                0x00000590                ERM_double_fault_IRQHandler
                0x00000590                DMA2_IRQHandler
                0x00000590                Reserved59_IRQHandler
                0x00000590                LPIT0_Ch0_IRQHandler
                0x00000590                Reserved99_IRQHandler
                0x00000590                FTM3_Ch6_Ch7_IRQHandler
                0x00000590                CAN2_ORed_0_15_MB_IRQHandler
                0x00000590                LPIT0_Ch3_IRQHandler
                0x00000590                Reserved92_IRQHandler
                0x00000590                FTM0_Ch4_Ch5_IRQHandler
                0x00000590                CAN1_Error_IRQHandler
                0x00000590                FTM3_Ch0_Ch1_IRQHandler
                0x00000590                SWI_IRQHandler
                0x00000590                ADC0_IRQHandler
                0x00000590                FTM2_Ch4_Ch5_IRQHandler
                0x00000590                UsageFault_Handler
                0x00000590                FTM0_Ovf_Reload_IRQHandler
                0x00000590                DefaultISR
                0x00000590                DMA9_IRQHandler
                0x00000590                Reserved58_IRQHandler
                0x00000590                CAN1_ORed_0_15_MB_IRQHandler
                0x00000590                FTM1_Ch2_Ch3_IRQHandler
                0x00000590                DMA14_IRQHandler
                0x00000590                Reserved82_IRQHandler
                0x00000590                CAN0_ORed_16_31_MB_IRQHandler
                0x00000590                LPI2C0_Slave_IRQHandler
                0x00000590                Reserved71_IRQHandler
                0x00000590                PORTD_IRQHandler
                0x00000590                Reserved69_IRQHandler
                0x00000590                PORTB_IRQHandler
                0x00000590                Reserved70_IRQHandler
                0x00000590                ADC1_IRQHandler
                0x00000590                FTM2_Ch2_Ch3_IRQHandler
                0x00000590                Reserved53_IRQHandler
                0x00000590                DMA5_IRQHandler
                0x00000590                RTC_IRQHandler
                0x00000590                PDB0_IRQHandler
                0x00000590                FTM2_Ch6_Ch7_IRQHandler
                0x00000590                FTM3_Ch2_Ch3_IRQHandler
                0x00000590                FTM2_Ch0_Ch1_IRQHandler
                0x00000590                LPSPI1_IRQHandler
                0x00000590                LPUART1_RxTx_IRQHandler
                0x00000590                RTC_Seconds_IRQHandler
                0x00000590                CAN2_ORed_IRQHandler
                0x00000590                Reserved72_IRQHandler
                0x00000590                Reserved110_IRQHandler
                0x00000590                DMA11_IRQHandler
                0x00000590                Reserved107_IRQHandler
                0x00000590                Read_Collision_IRQHandler
                0x00000590                CAN2_Error_IRQHandler
                0x00000590                FTFC_IRQHandler
                0x00000590                DMA7_IRQHandler
                0x00000590                FTM1_Ch6_Ch7_IRQHandler
                0x00000590                Reserved105_IRQHandler
                0x00000590                LPIT0_Ch1_IRQHandler
                0x00000590                FTM1_Ch4_Ch5_IRQHandler
                0x00000590                FTM3_Ovf_Reload_IRQHandler
                0x00000590                LPUART2_RxTx_IRQHandler
                0x00000590                LPSPI0_IRQHandler
                0x00000590                WDOG_EWM_IRQHandler
                0x00000590                MemManage_Handler
                0x00000590                Reserved90_IRQHandler
                0x00000590                Reserved83_IRQHandler
                0x00000590                FTM0_Fault_IRQHandler
                0x00000590                Reserved48_IRQHandler
                0x00000590                SVC_Handler
                0x00000590                ERM_single_fault_IRQHandler
                0x00000590                FTM2_Fault_IRQHandler
                0x00000590                FTM0_Ch2_Ch3_IRQHandler
                0x00000590                DMA13_IRQHandler
                0x00000590                FTM0_Ch0_Ch1_IRQHandler
                0x00000590                FTM3_Fault_IRQHandler
                0x00000590                RCM_IRQHandler
                0x00000590                DMA3_IRQHandler
                0x00000590                Reserved100_IRQHandler
                0x00000590                DMA0_IRQHandler
                0x00000590                Reserved91_IRQHandler
                0x00000590                CAN1_ORed_IRQHandler
                0x00000590                DMA15_IRQHandler
                0x00000590                SCG_IRQHandler
                0x00000590                PDB1_IRQHandler
                0x00000590                Reserved81_IRQHandler
                0x00000590                Reserved46_IRQHandler
                0x00000590                Reserved45_IRQHandler
                0x00000590                CAN0_Error_IRQHandler
                0x00000590                Reserved112_IRQHandler
                0x00000590                LPI2C0_Master_IRQHandler
                0x00000590                DMA4_IRQHandler
                0x00000590                FTM1_Fault_IRQHandler
                0x00000590                Reserved106_IRQHandler
                0x00000590                DMA_Error_IRQHandler
                0x00000590                LVD_LVW_IRQHandler
                0x00000590                LPIT0_Ch2_IRQHandler
                0x00000590                PORTA_IRQHandler
                0x00000590                MCM_IRQHandler
                0x00000590                LPSPI2_IRQHandler
                0x00000590                DMA12_IRQHandler
                0x00000590                FTM3_Ch4_Ch5_IRQHandler
                0x00000590                CAN0_ORed_0_15_MB_IRQHandler
                0x00000590                PORTE_IRQHandler
                0x00000590                LPUART0_RxTx_IRQHandler
                0x00000590                LPTMR0_IRQHandler
                0x00000590                BusFault_Handler
                0x00000590                Reserved87_IRQHandler
                0x00000590                FTM1_Ovf_Reload_IRQHandler
                0x00000590                DMA8_IRQHandler
                0x00000590                Reserved93_IRQHandler
                0x00000590                DMA10_IRQHandler
                0x00000590                CAN0_Wake_Up_IRQHandler
                0x00000590                CMP0_IRQHandler
                0x00000590                Reserved52_IRQHandler
                0x00000590                PORTC_IRQHandler
                0x00000590                DMA6_IRQHandler
                0x00000590                FTM1_Ch0_Ch1_IRQHandler
                0x00000590                FLEXIO_IRQHandler
                0x00000590                DMA1_IRQHandler
                0x00000590                Reserved113_IRQHandler
 *(.text*)
 .text.init_data_bss
                0x00000594      0x128 ./Project_Settings/Startup_Code/startup.o
                0x00000594                init_data_bss
 .text.SystemInit
                0x000006bc       0x30 ./Project_Settings/Startup_Code/system_S32K144.o
                0x000006bc                SystemInit
 .text.ADC_init
                0x000006ec       0x68 ./include/ADC.o
                0x000006ec                ADC_init
 .text.convertAdcChan
                0x00000754       0x30 ./include/ADC.o
                0x00000754                convertAdcChan
 .text.adc_complete
                0x00000784       0x20 ./include/ADC.o
                0x00000784                adc_complete
 .text.read_adc_chx
                0x000007a4       0x3c ./include/ADC.o
                0x000007a4                read_adc_chx
 .text.FLEXCAN0_init
                0x000007e0       0xdc ./include/FlexCAN.o
                0x000007e0                FLEXCAN0_init
 .text.FLEXCAN0_transmit_msg
                0x000008bc       0x4c ./include/FlexCAN.o
                0x000008bc                FLEXCAN0_transmit_msg
 .text.SOSC_init_8MHz
                0x00000908       0x4c ./include/clocks_and_modes.o
                0x00000908                SOSC_init_8MHz
 .text.SPLL_init_160MHz
                0x00000954       0x64 ./include/clocks_and_modes.o
                0x00000954                SPLL_init_160MHz
 .text.NormalRUNmode_80MHz
                0x000009b8       0x2c ./include/clocks_and_modes.o
                0x000009b8                NormalRUNmode_80MHz
 .text.PORT_init
                0x000009e4       0x90 ./src/main.o
                0x000009e4                PORT_init
 .text.WDOG_disable
                0x00000a74       0x2c ./src/main.o
                0x00000a74                WDOG_disable
 .text.int_to_hex
                0x00000aa0       0xbc ./src/main.o
                0x00000aa0                int_to_hex
 .text.main     0x00000b5c      0x124 ./src/main.o
                0x00000b5c                main
 .text.exit     0x00000c80       0x20 /home/tlopfest/NXP/S32DS.3.4/S32DS/build_tools/gcc_v6.3/gcc-6.3-arm32-eabi/arm-none-eabi/newlib/lib/thumb/v7e-m/libc.a(lib_a-exit.o)
                0x00000c80                exit
 .text.__libc_init_array
                0x00000ca0       0x48 /home/tlopfest/NXP/S32DS.3.4/S32DS/build_tools/gcc_v6.3/gcc-6.3-arm32-eabi/arm-none-eabi/newlib/lib/thumb/v7e-m/libc.a(lib_a-init.o)
                0x00000ca0                __libc_init_array
 .text.memset   0x00000ce8       0x10 /home/tlopfest/NXP/S32DS.3.4/S32DS/build_tools/gcc_v6.3/gcc-6.3-arm32-eabi/arm-none-eabi/newlib/lib/thumb/v7e-m/libc.a(lib_a-memset.o)
                0x00000ce8                memset
 .text.startup.register_fini
                0x00000cf8       0x14 /home/tlopfest/NXP/S32DS.3.4/S32DS/build_tools/gcc_v6.3/gcc-6.3-arm32-eabi/arm-none-eabi/newlib/lib/thumb/v7e-m/libc.a(lib_a-__call_atexit.o)
 .text.__call_exitprocs
                0x00000d0c       0xc8 /home/tlopfest/NXP/S32DS.3.4/S32DS/build_tools/gcc_v6.3/gcc-6.3-arm32-eabi/arm-none-eabi/newlib/lib/thumb/v7e-m/libc.a(lib_a-__call_atexit.o)
                0x00000d0c                __call_exitprocs
 .text.__libc_fini_array
                0x00000dd4       0x28 /home/tlopfest/NXP/S32DS.3.4/S32DS/build_tools/gcc_v6.3/gcc-6.3-arm32-eabi/arm-none-eabi/newlib/lib/thumb/v7e-m/libc.a(lib_a-fini.o)
                0x00000dd4                __libc_fini_array
 .text.atexit   0x00000dfc        0xc /home/tlopfest/NXP/S32DS.3.4/S32DS/build_tools/gcc_v6.3/gcc-6.3-arm32-eabi/arm-none-eabi/newlib/lib/thumb/v7e-m/libc.a(lib_a-atexit.o)
                0x00000dfc                atexit
 .text.__register_exitproc
                0x00000e08       0x98 /home/tlopfest/NXP/S32DS.3.4/S32DS/build_tools/gcc_v6.3/gcc-6.3-arm32-eabi/arm-none-eabi/newlib/lib/thumb/v7e-m/libc.a(lib_a-__atexit.o)
                0x00000e08                __register_exitproc
 .text._exit    0x00000ea0        0x2 /home/tlopfest/NXP/S32DS.3.4/S32DS/build_tools/gcc_v6.3/gcc-6.3-arm32-eabi/arm-none-eabi/newlib/lib/thumb/v7e-m/libnosys.a(_exit.o)
                0x00000ea0                _exit
 *(.rodata)
 *(.rodata*)
 *fill*         0x00000ea2        0x2 
 .rodata._global_impure_ptr
                0x00000ea4        0x4 /home/tlopfest/NXP/S32DS.3.4/S32DS/build_tools/gcc_v6.3/gcc-6.3-arm32-eabi/arm-none-eabi/newlib/lib/thumb/v7e-m/libc.a(lib_a-impure.o)
                0x00000ea4                _global_impure_ptr
 *(.glue_7)
 .glue_7        0x00000ea8        0x0 linker stubs
 *(.glue_7t)
 .glue_7t       0x00000ea8        0x0 linker stubs
 *(.eh_frame)
 .eh_frame      0x00000ea8        0x0 /home/tlopfest/NXP/S32DS.3.4/S32DS/build_tools/gcc_v6.3/gcc-6.3-arm32-eabi/bin/../lib/gcc/arm-none-eabi/6.3.1/thumb/v7e-m/crtbegin.o
 *(.init)
 .init          0x00000ea8        0x4 /home/tlopfest/NXP/S32DS.3.4/S32DS/build_tools/gcc_v6.3/gcc-6.3-arm32-eabi/bin/../lib/gcc/arm-none-eabi/6.3.1/thumb/v7e-m/crti.o
                0x00000ea8                _init
 .init          0x00000eac        0x8 /home/tlopfest/NXP/S32DS.3.4/S32DS/build_tools/gcc_v6.3/gcc-6.3-arm32-eabi/bin/../lib/gcc/arm-none-eabi/6.3.1/thumb/v7e-m/crtn.o
 *(.fini)
 .fini          0x00000eb4        0x4 /home/tlopfest/NXP/S32DS.3.4/S32DS/build_tools/gcc_v6.3/gcc-6.3-arm32-eabi/bin/../lib/gcc/arm-none-eabi/6.3.1/thumb/v7e-m/crti.o
                0x00000eb4                _fini
 .fini          0x00000eb8        0x8 /home/tlopfest/NXP/S32DS.3.4/S32DS/build_tools/gcc_v6.3/gcc-6.3-arm32-eabi/bin/../lib/gcc/arm-none-eabi/6.3.1/thumb/v7e-m/crtn.o
                0x00000ec0                . = ALIGN (0x4)

.vfp11_veneer   0x00000ec0        0x0
 .vfp11_veneer  0x00000ec0        0x0 linker stubs

.v4_bx          0x00000ec0        0x0
 .v4_bx         0x00000ec0        0x0 linker stubs

.iplt           0x00000ec0        0x0
 .iplt          0x00000ec0        0x0 /home/tlopfest/NXP/S32DS.3.4/S32DS/build_tools/gcc_v6.3/gcc-6.3-arm32-eabi/bin/../lib/gcc/arm-none-eabi/6.3.1/thumb/v7e-m/crtbegin.o

.ARM.extab
 *(.ARM.extab* .gnu.linkonce.armextab.*)

.ARM            0x00000ec0        0x8
                0x00000ec0                __exidx_start = .
 *(.ARM.exidx*)
 .ARM.exidx     0x00000ec0        0x8 /home/tlopfest/NXP/S32DS.3.4/S32DS/build_tools/gcc_v6.3/gcc-6.3-arm32-eabi/arm-none-eabi/newlib/lib/thumb/v7e-m/crt0.o
                0x00000ec8                __exidx_end = .

.rel.dyn        0x00000ec8        0x0
 .rel.iplt      0x00000ec8        0x0 /home/tlopfest/NXP/S32DS.3.4/S32DS/build_tools/gcc_v6.3/gcc-6.3-arm32-eabi/bin/../lib/gcc/arm-none-eabi/6.3.1/thumb/v7e-m/crtbegin.o

.ctors          0x00000ec8        0x0
                0x00000ec8                __CTOR_LIST__ = .
 *crtbegin.o(.ctors)
 *crtbegin?.o(.ctors)
 *(EXCLUDE_FILE(*crtend.o *crtend?.o) .ctors)
 *(SORT(.ctors.*))
 *(.ctors)
                0x00000ec8                __CTOR_END__ = .

.dtors          0x00000ec8        0x0
                0x00000ec8                __DTOR_LIST__ = .
 *crtbegin.o(.dtors)
 *crtbegin?.o(.dtors)
 *(EXCLUDE_FILE(*crtend.o *crtend?.o) .dtors)
 *(SORT(.dtors.*))
 *(.dtors)
                0x00000ec8                __DTOR_END__ = .

.preinit_array  0x00000ec8        0x0
                0x00000ec8                PROVIDE (__preinit_array_start, .)
 *(.preinit_array*)
                0x00000ec8                PROVIDE (__preinit_array_end, .)

.init_array     0x00000ec8        0x8
                0x00000ec8                PROVIDE (__init_array_start, .)
 *(SORT(.init_array.*))
 .init_array.00000
                0x00000ec8        0x4 /home/tlopfest/NXP/S32DS.3.4/S32DS/build_tools/gcc_v6.3/gcc-6.3-arm32-eabi/arm-none-eabi/newlib/lib/thumb/v7e-m/libc.a(lib_a-__call_atexit.o)
 *(.init_array*)
 .init_array    0x00000ecc        0x4 /home/tlopfest/NXP/S32DS.3.4/S32DS/build_tools/gcc_v6.3/gcc-6.3-arm32-eabi/bin/../lib/gcc/arm-none-eabi/6.3.1/thumb/v7e-m/crtbegin.o
                0x00000ed0                PROVIDE (__init_array_end, .)

.fini_array     0x00000ed0        0x4
                0x00000ed0                PROVIDE (__fini_array_start, .)
 *(SORT(.fini_array.*))
 *(.fini_array*)
 .fini_array    0x00000ed0        0x4 /home/tlopfest/NXP/S32DS.3.4/S32DS/build_tools/gcc_v6.3/gcc-6.3-arm32-eabi/bin/../lib/gcc/arm-none-eabi/6.3.1/thumb/v7e-m/crtbegin.o
                0x00000ed4                PROVIDE (__fini_array_end, .)
                0x00000ed4                __etext = .
                0x00000ed4                __DATA_ROM = .

.interrupts_ram
                0x1fff8000      0x400
                0x1fff8000                . = ALIGN (0x4)
                0x1fff8000                __VECTOR_RAM__ = .
                0x1fff8000                __RAM_START = .
                0x1fff8000                __interrupts_ram_start__ = .
 *(.m_interrupts_ram)
                0x1fff8400                . = (. + M_VECTOR_RAM_SIZE)
 *fill*         0x1fff8000      0x400 
                0x1fff8400                . = ALIGN (0x4)
                0x1fff8400                __interrupts_ram_end__ = .
                0x1fff8000                __VECTOR_RAM = DEFINED (__flash_vector_table__)?ORIGIN (m_interrupts):__VECTOR_RAM__
                0x00000400                __RAM_VECTOR_TABLE_SIZE = DEFINED (__flash_vector_table__)?0x0:(__interrupts_ram_end__ - __interrupts_ram_start__)

.data           0x1fff8400      0x41c load address 0x00000ed4
                0x1fff8400                . = ALIGN (0x4)
                0x1fff8400                __DATA_RAM = .
                0x1fff8400                __data_start__ = .
 *(.data)
 *(.data*)
 .data.impure_data
                0x1fff8400      0x418 /home/tlopfest/NXP/S32DS.3.4/S32DS/build_tools/gcc_v6.3/gcc-6.3-arm32-eabi/arm-none-eabi/newlib/lib/thumb/v7e-m/libc.a(lib_a-impure.o)
 *(.jcr*)
 .jcr           0x1fff8818        0x0 /home/tlopfest/NXP/S32DS.3.4/S32DS/build_tools/gcc_v6.3/gcc-6.3-arm32-eabi/bin/../lib/gcc/arm-none-eabi/6.3.1/thumb/v7e-m/crtbegin.o
 .jcr           0x1fff8818        0x4 /home/tlopfest/NXP/S32DS.3.4/S32DS/build_tools/gcc_v6.3/gcc-6.3-arm32-eabi/bin/../lib/gcc/arm-none-eabi/6.3.1/thumb/v7e-m/crtend.o
                0x1fff881c                . = ALIGN (0x4)
                0x1fff881c                __data_end__ = .
                0x000012f0                __DATA_END = (__DATA_ROM + (__data_end__ - __data_start__))
                0x000012f0                __CODE_ROM = __DATA_END

.tm_clone_table
                0x1fff881c        0x0 load address 0x000012f0
 .tm_clone_table
                0x1fff881c        0x0 /home/tlopfest/NXP/S32DS.3.4/S32DS/build_tools/gcc_v6.3/gcc-6.3-arm32-eabi/bin/../lib/gcc/arm-none-eabi/6.3.1/thumb/v7e-m/crtbegin.o
 .tm_clone_table
                0x1fff881c        0x0 /home/tlopfest/NXP/S32DS.3.4/S32DS/build_tools/gcc_v6.3/gcc-6.3-arm32-eabi/bin/../lib/gcc/arm-none-eabi/6.3.1/thumb/v7e-m/crtend.o

.igot.plt       0x1fff881c        0x0 load address 0x000012f0
 .igot.plt      0x1fff881c        0x0 /home/tlopfest/NXP/S32DS.3.4/S32DS/build_tools/gcc_v6.3/gcc-6.3-arm32-eabi/bin/../lib/gcc/arm-none-eabi/6.3.1/thumb/v7e-m/crtbegin.o

.code           0x1fff881c        0x0 load address 0x000012f0
                0x1fff881c                . = ALIGN (0x4)
                0x1fff881c                __CODE_RAM = .
                0x1fff881c                __code_start__ = .
                0x1fff881c                __code_ram_start__ = .
 *(.code_ram)
                0x1fff881c                . = ALIGN (0x4)
                0x1fff881c                __code_end__ = .
                0x1fff881c                __code_ram_end__ = .
                0x000012f0                __CODE_END = (__CODE_ROM + (__code_end__ - __code_start__))
                0x000012f0                __CUSTOM_ROM = __CODE_END

.customSectionBlock
                0x20000000        0x0 load address 0x000012f0
                0x20000000                __customSection_start__ = .
 *(.customSection)
                0x20000000                __customSection_end__ = .
                0x000012f0                __CUSTOM_END = (__CUSTOM_ROM + (__customSection_end__ - __customSection_start__))

.bss            0x20000000       0x34
                0x20000000                . = ALIGN (0x4)
                0x20000000                __BSS_START = .
                0x20000000                __bss_start__ = .
 *(.bss)
 .bss           0x20000000       0x1c /home/tlopfest/NXP/S32DS.3.4/S32DS/build_tools/gcc_v6.3/gcc-6.3-arm32-eabi/bin/../lib/gcc/arm-none-eabi/6.3.1/thumb/v7e-m/crtbegin.o
 *(.bss*)
 .bss.input_1   0x2000001c        0x4 ./src/main.o
                0x2000001c                input_1
 .bss.input_2   0x20000020        0x4 ./src/main.o
                0x20000020                input_2
 .bss.avg       0x20000024        0x4 ./src/main.o
                0x20000024                avg
 .bss.final_input
                0x20000028        0x4 ./src/main.o
                0x20000028                final_input
 *(COMMON)
 COMMON         0x2000002c        0x8 ./src/main.o
                0x2000002c                hex
                0x20000034                . = ALIGN (0x4)
                0x20000034                __bss_end__ = .
                0x20000034                __BSS_END = .

.heap           0x20000034      0x404
                0x20000038                . = ALIGN (0x8)
 *fill*         0x20000034        0x4 
                0x20000038                __end__ = .
                0x20000038                __heap_start__ = .
                [!provide]                PROVIDE (end, .)
                [!provide]                PROVIDE (_end, .)
                [!provide]                PROVIDE (__end, .)
                0x20000038                __HeapBase = .
                0x20000438                . = (. + HEAP_SIZE)
 *fill*         0x20000038      0x400 
                0x20000438                __HeapLimit = .
                0x20000438                __heap_limit = .
                0x20000438                __heap_end__ = .
                0x20007000                __StackTop = (ORIGIN (m_data_2) + LENGTH (m_data_2))
                0x20006c00                __StackLimit = (__StackTop - STACK_SIZE)
                0x20007000                PROVIDE (__stack, __StackTop)
                0x20007000                __RAM_END = __StackTop

.stack          0x20006c00      0x400
                0x20006c00                . = ALIGN (0x8)
                0x20006c00                __stack_start__ = .
                0x20007000                . = (. + STACK_SIZE)
 *fill*         0x20006c00      0x400 
                0x20007000                __stack_end__ = .
                0x20000000                __START_BSS = __BSS_START
                0x20000034                __END_BSS = __BSS_END
                0x20007000                __SP_INIT = __StackTop

.ARM.attributes
                0x00000000       0x2a
 *(.ARM.attributes)
 .ARM.attributes
                0x00000000       0x1e /home/tlopfest/NXP/S32DS.3.4/S32DS/build_tools/gcc_v6.3/gcc-6.3-arm32-eabi/bin/../lib/gcc/arm-none-eabi/6.3.1/thumb/v7e-m/crti.o
 .ARM.attributes
                0x0000001e       0x2e /home/tlopfest/NXP/S32DS.3.4/S32DS/build_tools/gcc_v6.3/gcc-6.3-arm32-eabi/bin/../lib/gcc/arm-none-eabi/6.3.1/thumb/v7e-m/crtbegin.o
 .ARM.attributes
                0x0000004c       0x1c /home/tlopfest/NXP/S32DS.3.4/S32DS/build_tools/gcc_v6.3/gcc-6.3-arm32-eabi/arm-none-eabi/newlib/lib/thumb/v7e-m/crt0.o
 .ARM.attributes
                0x00000068       0x33 ./Project_Settings/Startup_Code/startup.o
 .ARM.attributes
                0x0000009b       0x1b ./Project_Settings/Startup_Code/startup_S32K144.o
 .ARM.attributes
                0x000000b6       0x33 ./Project_Settings/Startup_Code/system_S32K144.o
 .ARM.attributes
                0x000000e9       0x33 ./include/ADC.o
 .ARM.attributes
                0x0000011c       0x33 ./include/FlexCAN.o
 .ARM.attributes
                0x0000014f       0x33 ./include/clocks_and_modes.o
 .ARM.attributes
                0x00000182       0x33 ./src/main.o
 .ARM.attributes
                0x000001b5       0x2e /home/tlopfest/NXP/S32DS.3.4/S32DS/build_tools/gcc_v6.3/gcc-6.3-arm32-eabi/arm-none-eabi/newlib/lib/thumb/v7e-m/libc.a(lib_a-exit.o)
 .ARM.attributes
                0x000001e3       0x2e /home/tlopfest/NXP/S32DS.3.4/S32DS/build_tools/gcc_v6.3/gcc-6.3-arm32-eabi/arm-none-eabi/newlib/lib/thumb/v7e-m/libc.a(lib_a-impure.o)
 .ARM.attributes
                0x00000211       0x2e /home/tlopfest/NXP/S32DS.3.4/S32DS/build_tools/gcc_v6.3/gcc-6.3-arm32-eabi/arm-none-eabi/newlib/lib/thumb/v7e-m/libc.a(lib_a-init.o)
 .ARM.attributes
                0x0000023f       0x2e /home/tlopfest/NXP/S32DS.3.4/S32DS/build_tools/gcc_v6.3/gcc-6.3-arm32-eabi/arm-none-eabi/newlib/lib/thumb/v7e-m/libc.a(lib_a-memset.o)
 .ARM.attributes
                0x0000026d       0x2e /home/tlopfest/NXP/S32DS.3.4/S32DS/build_tools/gcc_v6.3/gcc-6.3-arm32-eabi/arm-none-eabi/newlib/lib/thumb/v7e-m/libc.a(lib_a-__call_atexit.o)
 .ARM.attributes
                0x0000029b       0x2e /home/tlopfest/NXP/S32DS.3.4/S32DS/build_tools/gcc_v6.3/gcc-6.3-arm32-eabi/arm-none-eabi/newlib/lib/thumb/v7e-m/libc.a(lib_a-fini.o)
 .ARM.attributes
                0x000002c9       0x2e /home/tlopfest/NXP/S32DS.3.4/S32DS/build_tools/gcc_v6.3/gcc-6.3-arm32-eabi/arm-none-eabi/newlib/lib/thumb/v7e-m/libc.a(lib_a-atexit.o)
 .ARM.attributes
                0x000002f7       0x2e /home/tlopfest/NXP/S32DS.3.4/S32DS/build_tools/gcc_v6.3/gcc-6.3-arm32-eabi/arm-none-eabi/newlib/lib/thumb/v7e-m/libc.a(lib_a-__atexit.o)
 .ARM.attributes
                0x00000325       0x2e /home/tlopfest/NXP/S32DS.3.4/S32DS/build_tools/gcc_v6.3/gcc-6.3-arm32-eabi/arm-none-eabi/newlib/lib/thumb/v7e-m/libnosys.a(_exit.o)
 .ARM.attributes
                0x00000353       0x2e /home/tlopfest/NXP/S32DS.3.4/S32DS/build_tools/gcc_v6.3/gcc-6.3-arm32-eabi/bin/../lib/gcc/arm-none-eabi/6.3.1/thumb/v7e-m/crtend.o
 .ARM.attributes
                0x00000381       0x1e /home/tlopfest/NXP/S32DS.3.4/S32DS/build_tools/gcc_v6.3/gcc-6.3-arm32-eabi/bin/../lib/gcc/arm-none-eabi/6.3.1/thumb/v7e-m/crtn.o
                0x00000001                ASSERT ((__StackLimit >= __HeapLimit), region m_data_2 overflowed with stack and heap)
OUTPUT(Full_ADC_CAN_Code.elf elf32-littlearm)

.comment        0x00000000       0xa0
 .comment       0x00000000       0xa0 /home/tlopfest/NXP/S32DS.3.4/S32DS/build_tools/gcc_v6.3/gcc-6.3-arm32-eabi/bin/../lib/gcc/arm-none-eabi/6.3.1/thumb/v7e-m/crtbegin.o
                                 0xa1 (size before relaxing)
 .comment       0x000000a0       0xa1 ./Project_Settings/Startup_Code/startup.o
 .comment       0x000000a0       0xa1 ./Project_Settings/Startup_Code/system_S32K144.o
 .comment       0x000000a0       0xa1 ./include/ADC.o
 .comment       0x000000a0       0xa1 ./include/FlexCAN.o
 .comment       0x000000a0       0xa1 ./include/clocks_and_modes.o
 .comment       0x000000a0       0xa1 ./src/main.o
 .comment       0x000000a0       0xa1 /home/tlopfest/NXP/S32DS.3.4/S32DS/build_tools/gcc_v6.3/gcc-6.3-arm32-eabi/bin/../lib/gcc/arm-none-eabi/6.3.1/thumb/v7e-m/crtend.o

.debug_info     0x00000000     0x1836
 .debug_info    0x00000000      0x471 ./Project_Settings/Startup_Code/startup.o
 .debug_info    0x00000471       0x26 ./Project_Settings/Startup_Code/startup_S32K144.o
 .debug_info    0x00000497      0x522 ./Project_Settings/Startup_Code/system_S32K144.o
 .debug_info    0x000009b9      0x32e ./include/ADC.o
 .debug_info    0x00000ce7      0x50c ./include/FlexCAN.o
 .debug_info    0x000011f3      0x27f ./include/clocks_and_modes.o
 .debug_info    0x00001472      0x3c4 ./src/main.o

.debug_abbrev   0x00000000      0x6c8
 .debug_abbrev  0x00000000      0x108 ./Project_Settings/Startup_Code/startup.o
 .debug_abbrev  0x00000108       0x14 ./Project_Settings/Startup_Code/startup_S32K144.o
 .debug_abbrev  0x0000011c      0x125 ./Project_Settings/Startup_Code/system_S32K144.o
 .debug_abbrev  0x00000241      0x125 ./include/ADC.o
 .debug_abbrev  0x00000366      0x14e ./include/FlexCAN.o
 .debug_abbrev  0x000004b4       0xc2 ./include/clocks_and_modes.o
 .debug_abbrev  0x00000576      0x152 ./src/main.o

.debug_aranges  0x00000000      0x150
 .debug_aranges
                0x00000000       0x20 ./Project_Settings/Startup_Code/startup.o
 .debug_aranges
                0x00000020       0x20 ./Project_Settings/Startup_Code/startup_S32K144.o
 .debug_aranges
                0x00000040       0x30 ./Project_Settings/Startup_Code/system_S32K144.o
 .debug_aranges
                0x00000070       0x38 ./include/ADC.o
 .debug_aranges
                0x000000a8       0x38 ./include/FlexCAN.o
 .debug_aranges
                0x000000e0       0x30 ./include/clocks_and_modes.o
 .debug_aranges
                0x00000110       0x40 ./src/main.o

.debug_ranges   0x00000000       0xd0
 .debug_ranges  0x00000000       0x10 ./Project_Settings/Startup_Code/startup.o
 .debug_ranges  0x00000010       0x20 ./Project_Settings/Startup_Code/system_S32K144.o
 .debug_ranges  0x00000030       0x28 ./include/ADC.o
 .debug_ranges  0x00000058       0x28 ./include/FlexCAN.o
 .debug_ranges  0x00000080       0x20 ./include/clocks_and_modes.o
 .debug_ranges  0x000000a0       0x30 ./src/main.o

.debug_macro    0x00000000    0x1faa2
 .debug_macro   0x00000000       0xb5 ./Project_Settings/Startup_Code/startup.o
 .debug_macro   0x000000b5      0x8d4 ./Project_Settings/Startup_Code/startup.o
 .debug_macro   0x00000989       0x22 ./Project_Settings/Startup_Code/startup.o
 .debug_macro   0x000009ab       0x87 ./Project_Settings/Startup_Code/startup.o
 .debug_macro   0x00000a32       0x51 ./Project_Settings/Startup_Code/startup.o
 .debug_macro   0x00000a83       0xef ./Project_Settings/Startup_Code/startup.o
 .debug_macro   0x00000b72       0x6a ./Project_Settings/Startup_Code/startup.o
 .debug_macro   0x00000bdc      0x1df ./Project_Settings/Startup_Code/startup.o
 .debug_macro   0x00000dbb       0x10 ./Project_Settings/Startup_Code/startup.o
 .debug_macro   0x00000dcb       0x7a ./Project_Settings/Startup_Code/startup.o
 .debug_macro   0x00000e45     0xee97 ./Project_Settings/Startup_Code/startup.o
 .debug_macro   0x0000fcdc      0xbbe ./Project_Settings/Startup_Code/startup.o
 .debug_macro   0x0001089a       0x22 ./Project_Settings/Startup_Code/startup.o
 .debug_macro   0x000108bc       0x40 ./Project_Settings/Startup_Code/startup.o
 .debug_macro   0x000108fc       0xb5 ./Project_Settings/Startup_Code/system_S32K144.o
 .debug_macro   0x000109b1       0x19 ./Project_Settings/Startup_Code/system_S32K144.o
 .debug_macro   0x000109ca     0xee82 ./Project_Settings/Startup_Code/system_S32K144.o
 .debug_macro   0x0001f84c       0x28 ./Project_Settings/Startup_Code/system_S32K144.o
 .debug_macro   0x0001f874       0x7c ./include/ADC.o
 .debug_macro   0x0001f8f0       0x82 ./include/FlexCAN.o
 .debug_macro   0x0001f972       0x7c ./include/clocks_and_modes.o
 .debug_macro   0x0001f9ee       0xb4 ./src/main.o

.debug_line     0x00000000     0x12fe
 .debug_line    0x00000000      0x354 ./Project_Settings/Startup_Code/startup.o
 .debug_line    0x00000354       0x91 ./Project_Settings/Startup_Code/startup_S32K144.o
 .debug_line    0x000003e5      0x371 ./Project_Settings/Startup_Code/system_S32K144.o
 .debug_line    0x00000756      0x29a ./include/ADC.o
 .debug_line    0x000009f0      0x2f3 ./include/FlexCAN.o
 .debug_line    0x00000ce3      0x2ce ./include/clocks_and_modes.o
 .debug_line    0x00000fb1      0x34d ./src/main.o

.debug_str      0x00000000    0x69bcd
 .debug_str     0x00000000    0x6952f ./Project_Settings/Startup_Code/startup.o
                              0x69757 (size before relaxing)
 .debug_str     0x0006952f       0x3f ./Project_Settings/Startup_Code/startup_S32K144.o
                                 0x84 (size before relaxing)
 .debug_str     0x0006956e      0x1f3 ./Project_Settings/Startup_Code/system_S32K144.o
                              0x69530 (size before relaxing)
 .debug_str     0x00069761      0x107 ./include/ADC.o
                              0x6391f (size before relaxing)
 .debug_str     0x00069868      0x1f1 ./include/FlexCAN.o
                              0x63a45 (size before relaxing)
 .debug_str     0x00069a59       0x67 ./include/clocks_and_modes.o
                              0x6393c (size before relaxing)
 .debug_str     0x00069ac0      0x10d ./src/main.o
                              0x63988 (size before relaxing)

.debug_frame    0x00000000      0x498
 .debug_frame   0x00000000       0x38 ./Project_Settings/Startup_Code/startup.o
 .debug_frame   0x00000038       0x80 ./Project_Settings/Startup_Code/system_S32K144.o
 .debug_frame   0x000000b8       0xa0 ./include/ADC.o
 .debug_frame   0x00000158       0xa8 ./include/FlexCAN.o
 .debug_frame   0x00000200       0x70 ./include/clocks_and_modes.o
 .debug_frame   0x00000270       0xc0 ./src/main.o
 .debug_frame   0x00000330       0x28 /home/tlopfest/NXP/S32DS.3.4/S32DS/build_tools/gcc_v6.3/gcc-6.3-arm32-eabi/arm-none-eabi/newlib/lib/thumb/v7e-m/libc.a(lib_a-exit.o)
 .debug_frame   0x00000358       0x2c /home/tlopfest/NXP/S32DS.3.4/S32DS/build_tools/gcc_v6.3/gcc-6.3-arm32-eabi/arm-none-eabi/newlib/lib/thumb/v7e-m/libc.a(lib_a-init.o)
 .debug_frame   0x00000384       0x20 /home/tlopfest/NXP/S32DS.3.4/S32DS/build_tools/gcc_v6.3/gcc-6.3-arm32-eabi/arm-none-eabi/newlib/lib/thumb/v7e-m/libc.a(lib_a-memset.o)
 .debug_frame   0x000003a4       0x4c /home/tlopfest/NXP/S32DS.3.4/S32DS/build_tools/gcc_v6.3/gcc-6.3-arm32-eabi/arm-none-eabi/newlib/lib/thumb/v7e-m/libc.a(lib_a-__call_atexit.o)
 .debug_frame   0x000003f0       0x38 /home/tlopfest/NXP/S32DS.3.4/S32DS/build_tools/gcc_v6.3/gcc-6.3-arm32-eabi/arm-none-eabi/newlib/lib/thumb/v7e-m/libc.a(lib_a-fini.o)
 .debug_frame   0x00000428       0x20 /home/tlopfest/NXP/S32DS.3.4/S32DS/build_tools/gcc_v6.3/gcc-6.3-arm32-eabi/arm-none-eabi/newlib/lib/thumb/v7e-m/libc.a(lib_a-atexit.o)
 .debug_frame   0x00000448       0x30 /home/tlopfest/NXP/S32DS.3.4/S32DS/build_tools/gcc_v6.3/gcc-6.3-arm32-eabi/arm-none-eabi/newlib/lib/thumb/v7e-m/libc.a(lib_a-__atexit.o)
 .debug_frame   0x00000478       0x20 /home/tlopfest/NXP/S32DS.3.4/S32DS/build_tools/gcc_v6.3/gcc-6.3-arm32-eabi/arm-none-eabi/newlib/lib/thumb/v7e-m/libnosys.a(_exit.o)
