Archive member included to satisfy reference by file (symbol)

/home/tlopfest/NXP/S32DS.3.4/S32DS/build_tools/gcc_v6.3/gcc-6.3-arm32-eabi/bin/../lib/gcc/arm-none-eabi/6.3.1/thumb/v7e-m/libgcc.a(_arm_addsubdf3.o)
                              ./src/main.o (__aeabi_dsub)
/home/tlopfest/NXP/S32DS.3.4/S32DS/build_tools/gcc_v6.3/gcc-6.3-arm32-eabi/bin/../lib/gcc/arm-none-eabi/6.3.1/thumb/v7e-m/libgcc.a(_arm_muldivdf3.o)
                              ./src/main.o (__aeabi_dmul)
/home/tlopfest/NXP/S32DS.3.4/S32DS/build_tools/gcc_v6.3/gcc-6.3-arm32-eabi/bin/../lib/gcc/arm-none-eabi/6.3.1/thumb/v7e-m/libgcc.a(_arm_fixunsdfsi.o)
                              ./src/main.o (__aeabi_d2uiz)
/home/tlopfest/NXP/S32DS.3.4/S32DS/build_tools/gcc_v6.3/gcc-6.3-arm32-eabi/arm-none-eabi/newlib/lib/thumb/v7e-m/libc.a(lib_a-exit.o)
                              /home/tlopfest/NXP/S32DS.3.4/S32DS/build_tools/gcc_v6.3/gcc-6.3-arm32-eabi/arm-none-eabi/newlib/lib/thumb/v7e-m/crt0.o (exit)
/home/tlopfest/NXP/S32DS.3.4/S32DS/build_tools/gcc_v6.3/gcc-6.3-arm32-eabi/arm-none-eabi/newlib/lib/thumb/v7e-m/libc.a(lib_a-impure.o)
                              /home/tlopfest/NXP/S32DS.3.4/S32DS/build_tools/gcc_v6.3/gcc-6.3-arm32-eabi/arm-none-eabi/newlib/lib/thumb/v7e-m/libc.a(lib_a-exit.o) (_global_impure_ptr)
/home/tlopfest/NXP/S32DS.3.4/S32DS/build_tools/gcc_v6.3/gcc-6.3-arm32-eabi/arm-none-eabi/newlib/lib/thumb/v7e-m/libc.a(lib_a-init.o)
                              /home/tlopfest/NXP/S32DS.3.4/S32DS/build_tools/gcc_v6.3/gcc-6.3-arm32-eabi/arm-none-eabi/newlib/lib/thumb/v7e-m/crt0.o (__libc_init_array)
/home/tlopfest/NXP/S32DS.3.4/S32DS/build_tools/gcc_v6.3/gcc-6.3-arm32-eabi/arm-none-eabi/newlib/lib/thumb/v7e-m/libc.a(lib_a-memset.o)
                              /home/tlopfest/NXP/S32DS.3.4/S32DS/build_tools/gcc_v6.3/gcc-6.3-arm32-eabi/arm-none-eabi/newlib/lib/thumb/v7e-m/crt0.o (memset)
/home/tlopfest/NXP/S32DS.3.4/S32DS/build_tools/gcc_v6.3/gcc-6.3-arm32-eabi/arm-none-eabi/newlib/lib/thumb/v7e-m/libc.a(lib_a-__call_atexit.o)
                              /home/tlopfest/NXP/S32DS.3.4/S32DS/build_tools/gcc_v6.3/gcc-6.3-arm32-eabi/arm-none-eabi/newlib/lib/thumb/v7e-m/libc.a(lib_a-exit.o) (__call_exitprocs)
/home/tlopfest/NXP/S32DS.3.4/S32DS/build_tools/gcc_v6.3/gcc-6.3-arm32-eabi/arm-none-eabi/newlib/lib/thumb/v7e-m/libc.a(lib_a-fini.o)
                              /home/tlopfest/NXP/S32DS.3.4/S32DS/build_tools/gcc_v6.3/gcc-6.3-arm32-eabi/arm-none-eabi/newlib/lib/thumb/v7e-m/libc.a(lib_a-__call_atexit.o) (__libc_fini_array)
/home/tlopfest/NXP/S32DS.3.4/S32DS/build_tools/gcc_v6.3/gcc-6.3-arm32-eabi/arm-none-eabi/newlib/lib/thumb/v7e-m/libc.a(lib_a-atexit.o)
                              /home/tlopfest/NXP/S32DS.3.4/S32DS/build_tools/gcc_v6.3/gcc-6.3-arm32-eabi/arm-none-eabi/newlib/lib/thumb/v7e-m/libc.a(lib_a-__call_atexit.o) (atexit)
/home/tlopfest/NXP/S32DS.3.4/S32DS/build_tools/gcc_v6.3/gcc-6.3-arm32-eabi/arm-none-eabi/newlib/lib/thumb/v7e-m/libc.a(lib_a-__atexit.o)
                              /home/tlopfest/NXP/S32DS.3.4/S32DS/build_tools/gcc_v6.3/gcc-6.3-arm32-eabi/arm-none-eabi/newlib/lib/thumb/v7e-m/libc.a(lib_a-atexit.o) (__register_exitproc)
/home/tlopfest/NXP/S32DS.3.4/S32DS/build_tools/gcc_v6.3/gcc-6.3-arm32-eabi/arm-none-eabi/newlib/lib/thumb/v7e-m/libnosys.a(_exit.o)
                              /home/tlopfest/NXP/S32DS.3.4/S32DS/build_tools/gcc_v6.3/gcc-6.3-arm32-eabi/arm-none-eabi/newlib/lib/thumb/v7e-m/libc.a(lib_a-exit.o) (_exit)

Allocating common symbols
Common symbol       size              file

RxDATA              0x8               ./include/FlexCAN.o
RxID                0x4               ./include/FlexCAN.o
RxLENGTH            0x4               ./include/FlexCAN.o
error_input         0x190             ./src/main.o
RxCODE              0x4               ./include/FlexCAN.o
input_2             0x190             ./src/main.o
input_1             0x190             ./src/main.o
RxTIMESTAMP         0x4               ./include/FlexCAN.o

Discarded input sections

 .text          0x00000000        0x0 /home/tlopfest/NXP/S32DS.3.4/S32DS/build_tools/gcc_v6.3/gcc-6.3-arm32-eabi/bin/../lib/gcc/arm-none-eabi/6.3.1/thumb/v7e-m/crti.o
 .data          0x00000000        0x0 /home/tlopfest/NXP/S32DS.3.4/S32DS/build_tools/gcc_v6.3/gcc-6.3-arm32-eabi/bin/../lib/gcc/arm-none-eabi/6.3.1/thumb/v7e-m/crti.o
 .bss           0x00000000        0x0 /home/tlopfest/NXP/S32DS.3.4/S32DS/build_tools/gcc_v6.3/gcc-6.3-arm32-eabi/bin/../lib/gcc/arm-none-eabi/6.3.1/thumb/v7e-m/crti.o
 .data          0x00000000        0x4 /home/tlopfest/NXP/S32DS.3.4/S32DS/build_tools/gcc_v6.3/gcc-6.3-arm32-eabi/bin/../lib/gcc/arm-none-eabi/6.3.1/thumb/v7e-m/crtbegin.o
 .data          0x00000000        0x0 /home/tlopfest/NXP/S32DS.3.4/S32DS/build_tools/gcc_v6.3/gcc-6.3-arm32-eabi/arm-none-eabi/newlib/lib/thumb/v7e-m/crt0.o
 .bss           0x00000000        0x0 /home/tlopfest/NXP/S32DS.3.4/S32DS/build_tools/gcc_v6.3/gcc-6.3-arm32-eabi/arm-none-eabi/newlib/lib/thumb/v7e-m/crt0.o
 .ARM.extab     0x00000000        0x0 /home/tlopfest/NXP/S32DS.3.4/S32DS/build_tools/gcc_v6.3/gcc-6.3-arm32-eabi/arm-none-eabi/newlib/lib/thumb/v7e-m/crt0.o
 .group         0x00000000        0x8 ./Project_Settings/Startup_Code/startup.o
 .group         0x00000000        0x8 ./Project_Settings/Startup_Code/startup.o
 .group         0x00000000        0x8 ./Project_Settings/Startup_Code/startup.o
 .group         0x00000000        0x8 ./Project_Settings/Startup_Code/startup.o
 .group         0x00000000        0x8 ./Project_Settings/Startup_Code/startup.o
 .group         0x00000000        0x8 ./Project_Settings/Startup_Code/startup.o
 .group         0x00000000        0x8 ./Project_Settings/Startup_Code/startup.o
 .group         0x00000000        0x8 ./Project_Settings/Startup_Code/startup.o
 .group         0x00000000        0x8 ./Project_Settings/Startup_Code/startup.o
 .group         0x00000000        0x8 ./Project_Settings/Startup_Code/startup.o
 .group         0x00000000        0x8 ./Project_Settings/Startup_Code/startup.o
 .group         0x00000000        0x8 ./Project_Settings/Startup_Code/startup.o
 .group         0x00000000        0x8 ./Project_Settings/Startup_Code/startup.o
 .text          0x00000000        0x0 ./Project_Settings/Startup_Code/startup.o
 .data          0x00000000        0x0 ./Project_Settings/Startup_Code/startup.o
 .bss           0x00000000        0x0 ./Project_Settings/Startup_Code/startup.o
 .rodata.s_vectors
                0x00000000        0x4 ./Project_Settings/Startup_Code/startup.o
 .data          0x00000000        0x0 ./Project_Settings/Startup_Code/startup_S32K144.o
 .bss           0x00000000        0x0 ./Project_Settings/Startup_Code/startup_S32K144.o
 .group         0x00000000        0x8 ./Project_Settings/Startup_Code/system_S32K144.o
 .group         0x00000000        0x8 ./Project_Settings/Startup_Code/system_S32K144.o
 .group         0x00000000        0x8 ./Project_Settings/Startup_Code/system_S32K144.o
 .group         0x00000000        0x8 ./Project_Settings/Startup_Code/system_S32K144.o
 .group         0x00000000        0x8 ./Project_Settings/Startup_Code/system_S32K144.o
 .group         0x00000000        0x8 ./Project_Settings/Startup_Code/system_S32K144.o
 .group         0x00000000        0x8 ./Project_Settings/Startup_Code/system_S32K144.o
 .group         0x00000000        0x8 ./Project_Settings/Startup_Code/system_S32K144.o
 .group         0x00000000        0x8 ./Project_Settings/Startup_Code/system_S32K144.o
 .group         0x00000000        0x8 ./Project_Settings/Startup_Code/system_S32K144.o
 .group         0x00000000        0x8 ./Project_Settings/Startup_Code/system_S32K144.o
 .group         0x00000000        0x8 ./Project_Settings/Startup_Code/system_S32K144.o
 .group         0x00000000        0x8 ./Project_Settings/Startup_Code/system_S32K144.o
 .group         0x00000000        0x8 ./Project_Settings/Startup_Code/system_S32K144.o
 .text          0x00000000        0x0 ./Project_Settings/Startup_Code/system_S32K144.o
 .data          0x00000000        0x0 ./Project_Settings/Startup_Code/system_S32K144.o
 .bss           0x00000000        0x0 ./Project_Settings/Startup_Code/system_S32K144.o
 .data.SystemCoreClock
                0x00000000        0x4 ./Project_Settings/Startup_Code/system_S32K144.o
 .text.SystemCoreClockUpdate
                0x00000000       0xf0 ./Project_Settings/Startup_Code/system_S32K144.o
 .text.SystemSoftwareReset
                0x00000000       0x3e ./Project_Settings/Startup_Code/system_S32K144.o
 .rodata.fircFreq.5179
                0x00000000        0x4 ./Project_Settings/Startup_Code/system_S32K144.o
 .debug_macro   0x00000000      0x8d4 ./Project_Settings/Startup_Code/system_S32K144.o
 .debug_macro   0x00000000       0x10 ./Project_Settings/Startup_Code/system_S32K144.o
 .debug_macro   0x00000000       0x7a ./Project_Settings/Startup_Code/system_S32K144.o
 .debug_macro   0x00000000       0x22 ./Project_Settings/Startup_Code/system_S32K144.o
 .debug_macro   0x00000000       0x87 ./Project_Settings/Startup_Code/system_S32K144.o
 .debug_macro   0x00000000       0x51 ./Project_Settings/Startup_Code/system_S32K144.o
 .debug_macro   0x00000000       0xef ./Project_Settings/Startup_Code/system_S32K144.o
 .debug_macro   0x00000000       0x6a ./Project_Settings/Startup_Code/system_S32K144.o
 .debug_macro   0x00000000      0x1df ./Project_Settings/Startup_Code/system_S32K144.o
 .debug_macro   0x00000000      0xbbe ./Project_Settings/Startup_Code/system_S32K144.o
 .debug_macro   0x00000000       0x22 ./Project_Settings/Startup_Code/system_S32K144.o
 .group         0x00000000        0x8 ./include/ADC.o
 .group         0x00000000        0x8 ./include/ADC.o
 .group         0x00000000        0x8 ./include/ADC.o
 .group         0x00000000        0x8 ./include/ADC.o
 .group         0x00000000        0x8 ./include/ADC.o
 .group         0x00000000        0x8 ./include/ADC.o
 .group         0x00000000        0x8 ./include/ADC.o
 .group         0x00000000        0x8 ./include/ADC.o
 .group         0x00000000        0x8 ./include/ADC.o
 .text          0x00000000        0x0 ./include/ADC.o
 .data          0x00000000        0x0 ./include/ADC.o
 .bss           0x00000000        0x0 ./include/ADC.o
 .debug_macro   0x00000000      0x8d4 ./include/ADC.o
 .debug_macro   0x00000000       0x19 ./include/ADC.o
 .debug_macro   0x00000000       0x22 ./include/ADC.o
 .debug_macro   0x00000000       0x87 ./include/ADC.o
 .debug_macro   0x00000000       0x51 ./include/ADC.o
 .debug_macro   0x00000000       0xef ./include/ADC.o
 .debug_macro   0x00000000       0x6a ./include/ADC.o
 .debug_macro   0x00000000      0x1df ./include/ADC.o
 .debug_macro   0x00000000     0xee82 ./include/ADC.o
 .group         0x00000000        0x8 ./include/FlexCAN.o
 .group         0x00000000        0x8 ./include/FlexCAN.o
 .group         0x00000000        0x8 ./include/FlexCAN.o
 .group         0x00000000        0x8 ./include/FlexCAN.o
 .group         0x00000000        0x8 ./include/FlexCAN.o
 .group         0x00000000        0x8 ./include/FlexCAN.o
 .group         0x00000000        0x8 ./include/FlexCAN.o
 .group         0x00000000        0x8 ./include/FlexCAN.o
 .group         0x00000000        0x8 ./include/FlexCAN.o
 .text          0x00000000        0x0 ./include/FlexCAN.o
 .data          0x00000000        0x0 ./include/FlexCAN.o
 .bss           0x00000000        0x0 ./include/FlexCAN.o
 .text.FLEXCAN0_transmit_msg_test
                0x00000000       0x48 ./include/FlexCAN.o
 .text.FLEXCAN0_receive_msg_test
                0x00000000       0x94 ./include/FlexCAN.o
 .debug_macro   0x00000000      0x8d4 ./include/FlexCAN.o
 .debug_macro   0x00000000       0x19 ./include/FlexCAN.o
 .debug_macro   0x00000000       0x22 ./include/FlexCAN.o
 .debug_macro   0x00000000       0x87 ./include/FlexCAN.o
 .debug_macro   0x00000000       0x51 ./include/FlexCAN.o
 .debug_macro   0x00000000       0xef ./include/FlexCAN.o
 .debug_macro   0x00000000       0x6a ./include/FlexCAN.o
 .debug_macro   0x00000000      0x1df ./include/FlexCAN.o
 .debug_macro   0x00000000     0xee82 ./include/FlexCAN.o
 .group         0x00000000        0x8 ./include/clocks_and_modes.o
 .group         0x00000000        0x8 ./include/clocks_and_modes.o
 .group         0x00000000        0x8 ./include/clocks_and_modes.o
 .group         0x00000000        0x8 ./include/clocks_and_modes.o
 .group         0x00000000        0x8 ./include/clocks_and_modes.o
 .group         0x00000000        0x8 ./include/clocks_and_modes.o
 .group         0x00000000        0x8 ./include/clocks_and_modes.o
 .group         0x00000000        0x8 ./include/clocks_and_modes.o
 .group         0x00000000        0x8 ./include/clocks_and_modes.o
 .text          0x00000000        0x0 ./include/clocks_and_modes.o
 .data          0x00000000        0x0 ./include/clocks_and_modes.o
 .bss           0x00000000        0x0 ./include/clocks_and_modes.o
 .debug_macro   0x00000000      0x8d4 ./include/clocks_and_modes.o
 .debug_macro   0x00000000       0x19 ./include/clocks_and_modes.o
 .debug_macro   0x00000000       0x22 ./include/clocks_and_modes.o
 .debug_macro   0x00000000       0x87 ./include/clocks_and_modes.o
 .debug_macro   0x00000000       0x51 ./include/clocks_and_modes.o
 .debug_macro   0x00000000       0xef ./include/clocks_and_modes.o
 .debug_macro   0x00000000       0x6a ./include/clocks_and_modes.o
 .debug_macro   0x00000000      0x1df ./include/clocks_and_modes.o
 .debug_macro   0x00000000     0xee82 ./include/clocks_and_modes.o
 .group         0x00000000        0x8 ./src/main.o
 .group         0x00000000        0x8 ./src/main.o
 .group         0x00000000        0x8 ./src/main.o
 .group         0x00000000        0x8 ./src/main.o
 .group         0x00000000        0x8 ./src/main.o
 .group         0x00000000        0x8 ./src/main.o
 .group         0x00000000        0x8 ./src/main.o
 .group         0x00000000        0x8 ./src/main.o
 .group         0x00000000        0x8 ./src/main.o
 .text          0x00000000        0x0 ./src/main.o
 .data          0x00000000        0x0 ./src/main.o
 .bss           0x00000000        0x0 ./src/main.o
 .data.REF_VOLT
                0x00000000        0x4 ./src/main.o
 .bss.led       0x00000000        0x4 ./src/main.o
 .debug_macro   0x00000000      0x8d4 ./src/main.o
 .debug_macro   0x00000000       0x19 ./src/main.o
 .debug_macro   0x00000000       0x22 ./src/main.o
 .debug_macro   0x00000000       0x87 ./src/main.o
 .debug_macro   0x00000000       0x51 ./src/main.o
 .debug_macro   0x00000000       0xef ./src/main.o
 .debug_macro   0x00000000       0x6a ./src/main.o
 .debug_macro   0x00000000      0x1df ./src/main.o
 .debug_macro   0x00000000     0xee82 ./src/main.o
 .data          0x00000000        0x0 /home/tlopfest/NXP/S32DS.3.4/S32DS/build_tools/gcc_v6.3/gcc-6.3-arm32-eabi/bin/../lib/gcc/arm-none-eabi/6.3.1/thumb/v7e-m/libgcc.a(_arm_addsubdf3.o)
 .bss           0x00000000        0x0 /home/tlopfest/NXP/S32DS.3.4/S32DS/build_tools/gcc_v6.3/gcc-6.3-arm32-eabi/bin/../lib/gcc/arm-none-eabi/6.3.1/thumb/v7e-m/libgcc.a(_arm_addsubdf3.o)
 .data          0x00000000        0x0 /home/tlopfest/NXP/S32DS.3.4/S32DS/build_tools/gcc_v6.3/gcc-6.3-arm32-eabi/bin/../lib/gcc/arm-none-eabi/6.3.1/thumb/v7e-m/libgcc.a(_arm_muldivdf3.o)
 .bss           0x00000000        0x0 /home/tlopfest/NXP/S32DS.3.4/S32DS/build_tools/gcc_v6.3/gcc-6.3-arm32-eabi/bin/../lib/gcc/arm-none-eabi/6.3.1/thumb/v7e-m/libgcc.a(_arm_muldivdf3.o)
 .data          0x00000000        0x0 /home/tlopfest/NXP/S32DS.3.4/S32DS/build_tools/gcc_v6.3/gcc-6.3-arm32-eabi/bin/../lib/gcc/arm-none-eabi/6.3.1/thumb/v7e-m/libgcc.a(_arm_fixunsdfsi.o)
 .bss           0x00000000        0x0 /home/tlopfest/NXP/S32DS.3.4/S32DS/build_tools/gcc_v6.3/gcc-6.3-arm32-eabi/bin/../lib/gcc/arm-none-eabi/6.3.1/thumb/v7e-m/libgcc.a(_arm_fixunsdfsi.o)
 .text          0x00000000        0x0 /home/tlopfest/NXP/S32DS.3.4/S32DS/build_tools/gcc_v6.3/gcc-6.3-arm32-eabi/arm-none-eabi/newlib/lib/thumb/v7e-m/libc.a(lib_a-exit.o)
 .data          0x00000000        0x0 /home/tlopfest/NXP/S32DS.3.4/S32DS/build_tools/gcc_v6.3/gcc-6.3-arm32-eabi/arm-none-eabi/newlib/lib/thumb/v7e-m/libc.a(lib_a-exit.o)
 .bss           0x00000000        0x0 /home/tlopfest/NXP/S32DS.3.4/S32DS/build_tools/gcc_v6.3/gcc-6.3-arm32-eabi/arm-none-eabi/newlib/lib/thumb/v7e-m/libc.a(lib_a-exit.o)
 .text          0x00000000        0x0 /home/tlopfest/NXP/S32DS.3.4/S32DS/build_tools/gcc_v6.3/gcc-6.3-arm32-eabi/arm-none-eabi/newlib/lib/thumb/v7e-m/libc.a(lib_a-impure.o)
 .data          0x00000000        0x0 /home/tlopfest/NXP/S32DS.3.4/S32DS/build_tools/gcc_v6.3/gcc-6.3-arm32-eabi/arm-none-eabi/newlib/lib/thumb/v7e-m/libc.a(lib_a-impure.o)
 .bss           0x00000000        0x0 /home/tlopfest/NXP/S32DS.3.4/S32DS/build_tools/gcc_v6.3/gcc-6.3-arm32-eabi/arm-none-eabi/newlib/lib/thumb/v7e-m/libc.a(lib_a-impure.o)
 .data._impure_ptr
                0x00000000        0x4 /home/tlopfest/NXP/S32DS.3.4/S32DS/build_tools/gcc_v6.3/gcc-6.3-arm32-eabi/arm-none-eabi/newlib/lib/thumb/v7e-m/libc.a(lib_a-impure.o)
 .text          0x00000000        0x0 /home/tlopfest/NXP/S32DS.3.4/S32DS/build_tools/gcc_v6.3/gcc-6.3-arm32-eabi/arm-none-eabi/newlib/lib/thumb/v7e-m/libc.a(lib_a-init.o)
 .data          0x00000000        0x0 /home/tlopfest/NXP/S32DS.3.4/S32DS/build_tools/gcc_v6.3/gcc-6.3-arm32-eabi/arm-none-eabi/newlib/lib/thumb/v7e-m/libc.a(lib_a-init.o)
 .bss           0x00000000        0x0 /home/tlopfest/NXP/S32DS.3.4/S32DS/build_tools/gcc_v6.3/gcc-6.3-arm32-eabi/arm-none-eabi/newlib/lib/thumb/v7e-m/libc.a(lib_a-init.o)
 .text          0x00000000        0x0 /home/tlopfest/NXP/S32DS.3.4/S32DS/build_tools/gcc_v6.3/gcc-6.3-arm32-eabi/arm-none-eabi/newlib/lib/thumb/v7e-m/libc.a(lib_a-memset.o)
 .data          0x00000000        0x0 /home/tlopfest/NXP/S32DS.3.4/S32DS/build_tools/gcc_v6.3/gcc-6.3-arm32-eabi/arm-none-eabi/newlib/lib/thumb/v7e-m/libc.a(lib_a-memset.o)
 .bss           0x00000000        0x0 /home/tlopfest/NXP/S32DS.3.4/S32DS/build_tools/gcc_v6.3/gcc-6.3-arm32-eabi/arm-none-eabi/newlib/lib/thumb/v7e-m/libc.a(lib_a-memset.o)
 .text          0x00000000        0x0 /home/tlopfest/NXP/S32DS.3.4/S32DS/build_tools/gcc_v6.3/gcc-6.3-arm32-eabi/arm-none-eabi/newlib/lib/thumb/v7e-m/libc.a(lib_a-__call_atexit.o)
 .data          0x00000000        0x0 /home/tlopfest/NXP/S32DS.3.4/S32DS/build_tools/gcc_v6.3/gcc-6.3-arm32-eabi/arm-none-eabi/newlib/lib/thumb/v7e-m/libc.a(lib_a-__call_atexit.o)
 .bss           0x00000000        0x0 /home/tlopfest/NXP/S32DS.3.4/S32DS/build_tools/gcc_v6.3/gcc-6.3-arm32-eabi/arm-none-eabi/newlib/lib/thumb/v7e-m/libc.a(lib_a-__call_atexit.o)
 .text          0x00000000        0x0 /home/tlopfest/NXP/S32DS.3.4/S32DS/build_tools/gcc_v6.3/gcc-6.3-arm32-eabi/arm-none-eabi/newlib/lib/thumb/v7e-m/libc.a(lib_a-fini.o)
 .data          0x00000000        0x0 /home/tlopfest/NXP/S32DS.3.4/S32DS/build_tools/gcc_v6.3/gcc-6.3-arm32-eabi/arm-none-eabi/newlib/lib/thumb/v7e-m/libc.a(lib_a-fini.o)
 .bss           0x00000000        0x0 /home/tlopfest/NXP/S32DS.3.4/S32DS/build_tools/gcc_v6.3/gcc-6.3-arm32-eabi/arm-none-eabi/newlib/lib/thumb/v7e-m/libc.a(lib_a-fini.o)
 .text          0x00000000        0x0 /home/tlopfest/NXP/S32DS.3.4/S32DS/build_tools/gcc_v6.3/gcc-6.3-arm32-eabi/arm-none-eabi/newlib/lib/thumb/v7e-m/libc.a(lib_a-atexit.o)
 .data          0x00000000        0x0 /home/tlopfest/NXP/S32DS.3.4/S32DS/build_tools/gcc_v6.3/gcc-6.3-arm32-eabi/arm-none-eabi/newlib/lib/thumb/v7e-m/libc.a(lib_a-atexit.o)
 .bss           0x00000000        0x0 /home/tlopfest/NXP/S32DS.3.4/S32DS/build_tools/gcc_v6.3/gcc-6.3-arm32-eabi/arm-none-eabi/newlib/lib/thumb/v7e-m/libc.a(lib_a-atexit.o)
 .text          0x00000000        0x0 /home/tlopfest/NXP/S32DS.3.4/S32DS/build_tools/gcc_v6.3/gcc-6.3-arm32-eabi/arm-none-eabi/newlib/lib/thumb/v7e-m/libc.a(lib_a-__atexit.o)
 .data          0x00000000        0x0 /home/tlopfest/NXP/S32DS.3.4/S32DS/build_tools/gcc_v6.3/gcc-6.3-arm32-eabi/arm-none-eabi/newlib/lib/thumb/v7e-m/libc.a(lib_a-__atexit.o)
 .bss           0x00000000        0x0 /home/tlopfest/NXP/S32DS.3.4/S32DS/build_tools/gcc_v6.3/gcc-6.3-arm32-eabi/arm-none-eabi/newlib/lib/thumb/v7e-m/libc.a(lib_a-__atexit.o)
 .text          0x00000000        0x0 /home/tlopfest/NXP/S32DS.3.4/S32DS/build_tools/gcc_v6.3/gcc-6.3-arm32-eabi/arm-none-eabi/newlib/lib/thumb/v7e-m/libnosys.a(_exit.o)
 .data          0x00000000        0x0 /home/tlopfest/NXP/S32DS.3.4/S32DS/build_tools/gcc_v6.3/gcc-6.3-arm32-eabi/arm-none-eabi/newlib/lib/thumb/v7e-m/libnosys.a(_exit.o)
 .bss           0x00000000        0x0 /home/tlopfest/NXP/S32DS.3.4/S32DS/build_tools/gcc_v6.3/gcc-6.3-arm32-eabi/arm-none-eabi/newlib/lib/thumb/v7e-m/libnosys.a(_exit.o)
 .text          0x00000000        0x0 /home/tlopfest/NXP/S32DS.3.4/S32DS/build_tools/gcc_v6.3/gcc-6.3-arm32-eabi/bin/../lib/gcc/arm-none-eabi/6.3.1/thumb/v7e-m/crtend.o
 .data          0x00000000        0x0 /home/tlopfest/NXP/S32DS.3.4/S32DS/build_tools/gcc_v6.3/gcc-6.3-arm32-eabi/bin/../lib/gcc/arm-none-eabi/6.3.1/thumb/v7e-m/crtend.o
 .bss           0x00000000        0x0 /home/tlopfest/NXP/S32DS.3.4/S32DS/build_tools/gcc_v6.3/gcc-6.3-arm32-eabi/bin/../lib/gcc/arm-none-eabi/6.3.1/thumb/v7e-m/crtend.o
 .eh_frame      0x00000000        0x4 /home/tlopfest/NXP/S32DS.3.4/S32DS/build_tools/gcc_v6.3/gcc-6.3-arm32-eabi/bin/../lib/gcc/arm-none-eabi/6.3.1/thumb/v7e-m/crtend.o
 .text          0x00000000        0x0 /home/tlopfest/NXP/S32DS.3.4/S32DS/build_tools/gcc_v6.3/gcc-6.3-arm32-eabi/bin/../lib/gcc/arm-none-eabi/6.3.1/thumb/v7e-m/crtn.o
 .data          0x00000000        0x0 /home/tlopfest/NXP/S32DS.3.4/S32DS/build_tools/gcc_v6.3/gcc-6.3-arm32-eabi/bin/../lib/gcc/arm-none-eabi/6.3.1/thumb/v7e-m/crtn.o
 .bss           0x00000000        0x0 /home/tlopfest/NXP/S32DS.3.4/S32DS/build_tools/gcc_v6.3/gcc-6.3-arm32-eabi/bin/../lib/gcc/arm-none-eabi/6.3.1/thumb/v7e-m/crtn.o

Memory Configuration

Name             Origin             Length             Attributes
m_interrupts     0x00000000         0x00000400         xr
m_flash_config   0x00000400         0x00000010         xr
m_text           0x00000410         0x0007fbf0         xr
m_data           0x1fff8000         0x00008000         rw
m_data_2         0x20000000         0x00007000         rw
*default*        0x00000000         0xffffffff

Linker script and memory map

LOAD /home/tlopfest/NXP/S32DS.3.4/S32DS/build_tools/gcc_v6.3/gcc-6.3-arm32-eabi/bin/../lib/gcc/arm-none-eabi/6.3.1/thumb/v7e-m/crti.o
LOAD /home/tlopfest/NXP/S32DS.3.4/S32DS/build_tools/gcc_v6.3/gcc-6.3-arm32-eabi/bin/../lib/gcc/arm-none-eabi/6.3.1/thumb/v7e-m/crtbegin.o
LOAD /home/tlopfest/NXP/S32DS.3.4/S32DS/build_tools/gcc_v6.3/gcc-6.3-arm32-eabi/arm-none-eabi/newlib/lib/thumb/v7e-m/crt0.o
LOAD ./Project_Settings/Startup_Code/startup.o
LOAD ./Project_Settings/Startup_Code/startup_S32K144.o
LOAD ./Project_Settings/Startup_Code/system_S32K144.o
LOAD ./include/ADC.o
LOAD ./include/FlexCAN.o
LOAD ./include/clocks_and_modes.o
LOAD ./src/main.o
START GROUP
LOAD /home/tlopfest/NXP/S32DS.3.4/S32DS/build_tools/gcc_v6.3/gcc-6.3-arm32-eabi/bin/../lib/gcc/arm-none-eabi/6.3.1/thumb/v7e-m/libgcc.a
LOAD /home/tlopfest/NXP/S32DS.3.4/S32DS/build_tools/gcc_v6.3/gcc-6.3-arm32-eabi/arm-none-eabi/newlib/lib/thumb/v7e-m/libc.a
END GROUP
START GROUP
LOAD /home/tlopfest/NXP/S32DS.3.4/S32DS/build_tools/gcc_v6.3/gcc-6.3-arm32-eabi/bin/../lib/gcc/arm-none-eabi/6.3.1/thumb/v7e-m/libgcc.a
LOAD /home/tlopfest/NXP/S32DS.3.4/S32DS/build_tools/gcc_v6.3/gcc-6.3-arm32-eabi/arm-none-eabi/newlib/lib/thumb/v7e-m/libc.a
LOAD /home/tlopfest/NXP/S32DS.3.4/S32DS/build_tools/gcc_v6.3/gcc-6.3-arm32-eabi/arm-none-eabi/newlib/lib/thumb/v7e-m/libnosys.a
END GROUP
LOAD /home/tlopfest/NXP/S32DS.3.4/S32DS/build_tools/gcc_v6.3/gcc-6.3-arm32-eabi/bin/../lib/gcc/arm-none-eabi/6.3.1/thumb/v7e-m/crtend.o
LOAD /home/tlopfest/NXP/S32DS.3.4/S32DS/build_tools/gcc_v6.3/gcc-6.3-arm32-eabi/bin/../lib/gcc/arm-none-eabi/6.3.1/thumb/v7e-m/crtn.o
                0x00000400                HEAP_SIZE = DEFINED (__heap_size__)?__heap_size__:0x400
                0x00000400                STACK_SIZE = DEFINED (__stack_size__)?__stack_size__:0x400
                0x00000400                M_VECTOR_RAM_SIZE = DEFINED (__flash_vector_table__)?0x0:0x400

.interrupts     0x00000000      0x400
                0x00000000                __VECTOR_TABLE = .
                0x00000000                __interrupts_start__ = .
                0x00000000                . = ALIGN (0x4)
 *(.isr_vector)
 .isr_vector    0x00000000      0x400 ./Project_Settings/Startup_Code/startup_S32K144.o
                0x00000000                __isr_vector
                0x00000400                __interrupts_end__ = .
                0x00000400                . = ALIGN (0x4)

.flash_config   0x00000400       0x10
                0x00000400                . = ALIGN (0x4)
 *(.FlashConfig)
 .FlashConfig   0x00000400       0x10 ./Project_Settings/Startup_Code/startup_S32K144.o
                0x00000410                . = ALIGN (0x4)

.text           0x00000410     0x163c
                0x00000410                . = ALIGN (0x4)
 *(.text)
 .text          0x00000410       0xa4 /home/tlopfest/NXP/S32DS.3.4/S32DS/build_tools/gcc_v6.3/gcc-6.3-arm32-eabi/bin/../lib/gcc/arm-none-eabi/6.3.1/thumb/v7e-m/crtbegin.o
 .text          0x000004b4       0x74 /home/tlopfest/NXP/S32DS.3.4/S32DS/build_tools/gcc_v6.3/gcc-6.3-arm32-eabi/arm-none-eabi/newlib/lib/thumb/v7e-m/crt0.o
                0x000004b4                _mainCRTStartup
                0x000004b4                _start
 .text          0x00000528       0x6c ./Project_Settings/Startup_Code/startup_S32K144.o
                0x00000528                Reset_Handler
                0x00000590                Reserved54_IRQHandler
                0x00000590                DebugMon_Handler
                0x00000590                Reserved88_IRQHandler
                0x00000590                CAN0_ORed_IRQHandler
                0x00000590                HardFault_Handler
                0x00000590                Reserved86_IRQHandler
                0x00000590                Reserved103_IRQHandler
                0x00000590                SysTick_Handler
                0x00000590                FTM2_Ovf_Reload_IRQHandler
                0x00000590                Reserved50_IRQHandler
                0x00000590                FTFC_Fault_IRQHandler
                0x00000590                FTM0_Ch6_Ch7_IRQHandler
                0x00000590                Reserved114_IRQHandler
                0x00000590                PendSV_Handler
                0x00000590                NMI_Handler
                0x00000590                Reserved89_IRQHandler
                0x00000590                ERM_double_fault_IRQHandler
                0x00000590                DMA2_IRQHandler
                0x00000590                Reserved59_IRQHandler
                0x00000590                LPIT0_Ch0_IRQHandler
                0x00000590                Reserved99_IRQHandler
                0x00000590                FTM3_Ch6_Ch7_IRQHandler
                0x00000590                CAN2_ORed_0_15_MB_IRQHandler
                0x00000590                LPIT0_Ch3_IRQHandler
                0x00000590                Reserved92_IRQHandler
                0x00000590                FTM0_Ch4_Ch5_IRQHandler
                0x00000590                CAN1_Error_IRQHandler
                0x00000590                FTM3_Ch0_Ch1_IRQHandler
                0x00000590                SWI_IRQHandler
                0x00000590                ADC0_IRQHandler
                0x00000590                FTM2_Ch4_Ch5_IRQHandler
                0x00000590                UsageFault_Handler
                0x00000590                FTM0_Ovf_Reload_IRQHandler
                0x00000590                DefaultISR
                0x00000590                DMA9_IRQHandler
                0x00000590                Reserved58_IRQHandler
                0x00000590                CAN1_ORed_0_15_MB_IRQHandler
                0x00000590                FTM1_Ch2_Ch3_IRQHandler
                0x00000590                DMA14_IRQHandler
                0x00000590                Reserved82_IRQHandler
                0x00000590                CAN0_ORed_16_31_MB_IRQHandler
                0x00000590                LPI2C0_Slave_IRQHandler
                0x00000590                Reserved71_IRQHandler
                0x00000590                PORTD_IRQHandler
                0x00000590                Reserved69_IRQHandler
                0x00000590                PORTB_IRQHandler
                0x00000590                Reserved70_IRQHandler
                0x00000590                ADC1_IRQHandler
                0x00000590                FTM2_Ch2_Ch3_IRQHandler
                0x00000590                Reserved53_IRQHandler
                0x00000590                DMA5_IRQHandler
                0x00000590                RTC_IRQHandler
                0x00000590                PDB0_IRQHandler
                0x00000590                FTM2_Ch6_Ch7_IRQHandler
                0x00000590                FTM3_Ch2_Ch3_IRQHandler
                0x00000590                FTM2_Ch0_Ch1_IRQHandler
                0x00000590                LPSPI1_IRQHandler
                0x00000590                LPUART1_RxTx_IRQHandler
                0x00000590                RTC_Seconds_IRQHandler
                0x00000590                CAN2_ORed_IRQHandler
                0x00000590                Reserved72_IRQHandler
                0x00000590                Reserved110_IRQHandler
                0x00000590                DMA11_IRQHandler
                0x00000590                Reserved107_IRQHandler
                0x00000590                Read_Collision_IRQHandler
                0x00000590                CAN2_Error_IRQHandler
                0x00000590                FTFC_IRQHandler
                0x00000590                DMA7_IRQHandler
                0x00000590                FTM1_Ch6_Ch7_IRQHandler
                0x00000590                Reserved105_IRQHandler
                0x00000590                LPIT0_Ch1_IRQHandler
                0x00000590                FTM1_Ch4_Ch5_IRQHandler
                0x00000590                FTM3_Ovf_Reload_IRQHandler
                0x00000590                LPUART2_RxTx_IRQHandler
                0x00000590                LPSPI0_IRQHandler
                0x00000590                WDOG_EWM_IRQHandler
                0x00000590                MemManage_Handler
                0x00000590                Reserved90_IRQHandler
                0x00000590                Reserved83_IRQHandler
                0x00000590                FTM0_Fault_IRQHandler
                0x00000590                Reserved48_IRQHandler
                0x00000590                SVC_Handler
                0x00000590                ERM_single_fault_IRQHandler
                0x00000590                FTM2_Fault_IRQHandler
                0x00000590                FTM0_Ch2_Ch3_IRQHandler
                0x00000590                DMA13_IRQHandler
                0x00000590                FTM0_Ch0_Ch1_IRQHandler
                0x00000590                FTM3_Fault_IRQHandler
                0x00000590                RCM_IRQHandler
                0x00000590                DMA3_IRQHandler
                0x00000590                Reserved100_IRQHandler
                0x00000590                DMA0_IRQHandler
                0x00000590                Reserved91_IRQHandler
                0x00000590                CAN1_ORed_IRQHandler
                0x00000590                DMA15_IRQHandler
                0x00000590                SCG_IRQHandler
                0x00000590                PDB1_IRQHandler
                0x00000590                Reserved81_IRQHandler
                0x00000590                Reserved46_IRQHandler
                0x00000590                Reserved45_IRQHandler
                0x00000590                CAN0_Error_IRQHandler
                0x00000590                Reserved112_IRQHandler
                0x00000590                LPI2C0_Master_IRQHandler
                0x00000590                DMA4_IRQHandler
                0x00000590                FTM1_Fault_IRQHandler
                0x00000590                Reserved106_IRQHandler
                0x00000590                DMA_Error_IRQHandler
                0x00000590                LVD_LVW_IRQHandler
                0x00000590                LPIT0_Ch2_IRQHandler
                0x00000590                PORTA_IRQHandler
                0x00000590                MCM_IRQHandler
                0x00000590                LPSPI2_IRQHandler
                0x00000590                DMA12_IRQHandler
                0x00000590                FTM3_Ch4_Ch5_IRQHandler
                0x00000590                CAN0_ORed_0_15_MB_IRQHandler
                0x00000590                PORTE_IRQHandler
                0x00000590                LPUART0_RxTx_IRQHandler
                0x00000590                LPTMR0_IRQHandler
                0x00000590                BusFault_Handler
                0x00000590                Reserved87_IRQHandler
                0x00000590                FTM1_Ovf_Reload_IRQHandler
                0x00000590                DMA8_IRQHandler
                0x00000590                Reserved93_IRQHandler
                0x00000590                DMA10_IRQHandler
                0x00000590                CAN0_Wake_Up_IRQHandler
                0x00000590                CMP0_IRQHandler
                0x00000590                Reserved52_IRQHandler
                0x00000590                PORTC_IRQHandler
                0x00000590                DMA6_IRQHandler
                0x00000590                FTM1_Ch0_Ch1_IRQHandler
                0x00000590                FLEXIO_IRQHandler
                0x00000590                DMA1_IRQHandler
                0x00000590                Reserved113_IRQHandler
 .text          0x00000594      0x378 /home/tlopfest/NXP/S32DS.3.4/S32DS/build_tools/gcc_v6.3/gcc-6.3-arm32-eabi/bin/../lib/gcc/arm-none-eabi/6.3.1/thumb/v7e-m/libgcc.a(_arm_addsubdf3.o)
                0x00000594                __aeabi_drsub
                0x0000059c                __aeabi_dsub
                0x0000059c                __subdf3
                0x000005a0                __adddf3
                0x000005a0                __aeabi_dadd
                0x00000818                __aeabi_ui2d
                0x00000818                __floatunsidf
                0x00000838                __floatsidf
                0x00000838                __aeabi_i2d
                0x0000085c                __extendsfdf2
                0x0000085c                __aeabi_f2d
                0x000008a0                __aeabi_ul2d
                0x000008a0                __floatundidf
                0x000008b0                __floatdidf
                0x000008b0                __aeabi_l2d
 .text          0x0000090c      0x424 /home/tlopfest/NXP/S32DS.3.4/S32DS/build_tools/gcc_v6.3/gcc-6.3-arm32-eabi/bin/../lib/gcc/arm-none-eabi/6.3.1/thumb/v7e-m/libgcc.a(_arm_muldivdf3.o)
                0x0000090c                __aeabi_dmul
                0x0000090c                __muldf3
                0x00000b60                __aeabi_ddiv
                0x00000b60                __divdf3
 .text          0x00000d30       0x40 /home/tlopfest/NXP/S32DS.3.4/S32DS/build_tools/gcc_v6.3/gcc-6.3-arm32-eabi/bin/../lib/gcc/arm-none-eabi/6.3.1/thumb/v7e-m/libgcc.a(_arm_fixunsdfsi.o)
                0x00000d30                __fixunsdfsi
                0x00000d30                __aeabi_d2uiz
 *(.text*)
 .text.init_data_bss
                0x00000d70      0x128 ./Project_Settings/Startup_Code/startup.o
                0x00000d70                init_data_bss
 .text.SystemInit
                0x00000e98       0x30 ./Project_Settings/Startup_Code/system_S32K144.o
                0x00000e98                SystemInit
 .text.ADC_init
                0x00000ec8       0x68 ./include/ADC.o
                0x00000ec8                ADC_init
 .text.convertAdcChan
                0x00000f30       0x30 ./include/ADC.o
                0x00000f30                convertAdcChan
 .text.adc_complete
                0x00000f60       0x20 ./include/ADC.o
                0x00000f60                adc_complete
 .text.read_adc_chx
                0x00000f80       0x3c ./include/ADC.o
                0x00000f80                read_adc_chx
 .text.FLEXCAN0_init
                0x00000fbc       0xdc ./include/FlexCAN.o
                0x00000fbc                FLEXCAN0_init
 .text.FLEXCAN0_transmit_msg_RTDs
                0x00001098       0x48 ./include/FlexCAN.o
                0x00001098                FLEXCAN0_transmit_msg_RTDs
 .text.FLEXCAN0_transmit_msg_AVG
                0x000010e0       0x48 ./include/FlexCAN.o
                0x000010e0                FLEXCAN0_transmit_msg_AVG
 .text.FLEXCAN0_receive_msg
                0x00001128       0x94 ./include/FlexCAN.o
                0x00001128                FLEXCAN0_receive_msg
 .text.SOSC_init_8MHz
                0x000011bc       0x4c ./include/clocks_and_modes.o
                0x000011bc                SOSC_init_8MHz
 .text.SPLL_init_160MHz
                0x00001208       0x64 ./include/clocks_and_modes.o
                0x00001208                SPLL_init_160MHz
 .text.NormalRUNmode_80MHz
                0x0000126c       0x2c ./include/clocks_and_modes.o
                0x0000126c                NormalRUNmode_80MHz
 .text.PORT_init
                0x00001298       0x3c ./src/main.o
                0x00001298                PORT_init
 .text.WDOG_disable
                0x000012d4       0x2c ./src/main.o
                0x000012d4                WDOG_disable
 .text.temp_finder
                0x00001300       0x8c ./src/main.o
                0x00001300                temp_finder
 .text.ADC_Reader
                0x0000138c       0x34 ./src/main.o
                0x0000138c                ADC_Reader
 .text.averager
                0x000013c0       0x48 ./src/main.o
                0x000013c0                averager
 .text.RTD_Checker
                0x00001408      0x17c ./src/main.o
                0x00001408                RTD_Checker
 .text.CAN_Read
                0x00001584       0x5c ./src/main.o
                0x00001584                CAN_Read
 .text.Error_Checker
                0x000015e0       0x54 ./src/main.o
                0x000015e0                Error_Checker
 .text.FLEXCAN0_Tester
                0x00001634       0x1c ./src/main.o
                0x00001634                FLEXCAN0_Tester
 .text.averager_Tester
                0x00001650       0x88 ./src/main.o
                0x00001650                averager_Tester
 .text.Error_Code_Tester
                0x000016d8       0x16 ./src/main.o
                0x000016d8                Error_Code_Tester
 *fill*         0x000016ee        0x2 
 .text.main     0x000016f0      0x11c ./src/main.o
                0x000016f0                main
 .text.exit     0x0000180c       0x20 /home/tlopfest/NXP/S32DS.3.4/S32DS/build_tools/gcc_v6.3/gcc-6.3-arm32-eabi/arm-none-eabi/newlib/lib/thumb/v7e-m/libc.a(lib_a-exit.o)
                0x0000180c                exit
 .text.__libc_init_array
                0x0000182c       0x48 /home/tlopfest/NXP/S32DS.3.4/S32DS/build_tools/gcc_v6.3/gcc-6.3-arm32-eabi/arm-none-eabi/newlib/lib/thumb/v7e-m/libc.a(lib_a-init.o)
                0x0000182c                __libc_init_array
 .text.memset   0x00001874       0x10 /home/tlopfest/NXP/S32DS.3.4/S32DS/build_tools/gcc_v6.3/gcc-6.3-arm32-eabi/arm-none-eabi/newlib/lib/thumb/v7e-m/libc.a(lib_a-memset.o)
                0x00001874                memset
 .text.startup.register_fini
                0x00001884       0x14 /home/tlopfest/NXP/S32DS.3.4/S32DS/build_tools/gcc_v6.3/gcc-6.3-arm32-eabi/arm-none-eabi/newlib/lib/thumb/v7e-m/libc.a(lib_a-__call_atexit.o)
 .text.__call_exitprocs
                0x00001898       0xc8 /home/tlopfest/NXP/S32DS.3.4/S32DS/build_tools/gcc_v6.3/gcc-6.3-arm32-eabi/arm-none-eabi/newlib/lib/thumb/v7e-m/libc.a(lib_a-__call_atexit.o)
                0x00001898                __call_exitprocs
 .text.__libc_fini_array
                0x00001960       0x28 /home/tlopfest/NXP/S32DS.3.4/S32DS/build_tools/gcc_v6.3/gcc-6.3-arm32-eabi/arm-none-eabi/newlib/lib/thumb/v7e-m/libc.a(lib_a-fini.o)
                0x00001960                __libc_fini_array
 .text.atexit   0x00001988        0xc /home/tlopfest/NXP/S32DS.3.4/S32DS/build_tools/gcc_v6.3/gcc-6.3-arm32-eabi/arm-none-eabi/newlib/lib/thumb/v7e-m/libc.a(lib_a-atexit.o)
                0x00001988                atexit
 .text.__register_exitproc
                0x00001994       0x98 /home/tlopfest/NXP/S32DS.3.4/S32DS/build_tools/gcc_v6.3/gcc-6.3-arm32-eabi/arm-none-eabi/newlib/lib/thumb/v7e-m/libc.a(lib_a-__atexit.o)
                0x00001994                __register_exitproc
 .text._exit    0x00001a2c        0x2 /home/tlopfest/NXP/S32DS.3.4/S32DS/build_tools/gcc_v6.3/gcc-6.3-arm32-eabi/arm-none-eabi/newlib/lib/thumb/v7e-m/libnosys.a(_exit.o)
                0x00001a2c                _exit
 *(.rodata)
 *(.rodata*)
 *fill*         0x00001a2e        0x2 
 .rodata._global_impure_ptr
                0x00001a30        0x4 /home/tlopfest/NXP/S32DS.3.4/S32DS/build_tools/gcc_v6.3/gcc-6.3-arm32-eabi/arm-none-eabi/newlib/lib/thumb/v7e-m/libc.a(lib_a-impure.o)
                0x00001a30                _global_impure_ptr
 *(.glue_7)
 .glue_7        0x00001a34        0x0 linker stubs
 *(.glue_7t)
 .glue_7t       0x00001a34        0x0 linker stubs
 *(.eh_frame)
 .eh_frame      0x00001a34        0x0 /home/tlopfest/NXP/S32DS.3.4/S32DS/build_tools/gcc_v6.3/gcc-6.3-arm32-eabi/bin/../lib/gcc/arm-none-eabi/6.3.1/thumb/v7e-m/crtbegin.o
 *(.init)
 .init          0x00001a34        0x4 /home/tlopfest/NXP/S32DS.3.4/S32DS/build_tools/gcc_v6.3/gcc-6.3-arm32-eabi/bin/../lib/gcc/arm-none-eabi/6.3.1/thumb/v7e-m/crti.o
                0x00001a34                _init
 .init          0x00001a38        0x8 /home/tlopfest/NXP/S32DS.3.4/S32DS/build_tools/gcc_v6.3/gcc-6.3-arm32-eabi/bin/../lib/gcc/arm-none-eabi/6.3.1/thumb/v7e-m/crtn.o
 *(.fini)
 .fini          0x00001a40        0x4 /home/tlopfest/NXP/S32DS.3.4/S32DS/build_tools/gcc_v6.3/gcc-6.3-arm32-eabi/bin/../lib/gcc/arm-none-eabi/6.3.1/thumb/v7e-m/crti.o
                0x00001a40                _fini
 .fini          0x00001a44        0x8 /home/tlopfest/NXP/S32DS.3.4/S32DS/build_tools/gcc_v6.3/gcc-6.3-arm32-eabi/bin/../lib/gcc/arm-none-eabi/6.3.1/thumb/v7e-m/crtn.o
                0x00001a4c                . = ALIGN (0x4)

.vfp11_veneer   0x00001a4c        0x0
 .vfp11_veneer  0x00001a4c        0x0 linker stubs

.v4_bx          0x00001a4c        0x0
 .v4_bx         0x00001a4c        0x0 linker stubs

.iplt           0x00001a4c        0x0
 .iplt          0x00001a4c        0x0 /home/tlopfest/NXP/S32DS.3.4/S32DS/build_tools/gcc_v6.3/gcc-6.3-arm32-eabi/bin/../lib/gcc/arm-none-eabi/6.3.1/thumb/v7e-m/crtbegin.o

.ARM.extab
 *(.ARM.extab* .gnu.linkonce.armextab.*)

.ARM            0x00001a4c        0x8
                0x00001a4c                __exidx_start = .
 *(.ARM.exidx*)
 .ARM.exidx     0x00001a4c        0x8 /home/tlopfest/NXP/S32DS.3.4/S32DS/build_tools/gcc_v6.3/gcc-6.3-arm32-eabi/arm-none-eabi/newlib/lib/thumb/v7e-m/crt0.o
                0x00001a54                __exidx_end = .

.rel.dyn        0x00001a54        0x0
 .rel.iplt      0x00001a54        0x0 /home/tlopfest/NXP/S32DS.3.4/S32DS/build_tools/gcc_v6.3/gcc-6.3-arm32-eabi/bin/../lib/gcc/arm-none-eabi/6.3.1/thumb/v7e-m/crtbegin.o

.ctors          0x00001a54        0x0
                0x00001a54                __CTOR_LIST__ = .
 *crtbegin.o(.ctors)
 *crtbegin?.o(.ctors)
 *(EXCLUDE_FILE(*crtend.o *crtend?.o) .ctors)
 *(SORT(.ctors.*))
 *(.ctors)
                0x00001a54                __CTOR_END__ = .

.dtors          0x00001a54        0x0
                0x00001a54                __DTOR_LIST__ = .
 *crtbegin.o(.dtors)
 *crtbegin?.o(.dtors)
 *(EXCLUDE_FILE(*crtend.o *crtend?.o) .dtors)
 *(SORT(.dtors.*))
 *(.dtors)
                0x00001a54                __DTOR_END__ = .

.preinit_array  0x00001a54        0x0
                0x00001a54                PROVIDE (__preinit_array_start, .)
 *(.preinit_array*)
                0x00001a54                PROVIDE (__preinit_array_end, .)

.init_array     0x00001a54        0x8
                0x00001a54                PROVIDE (__init_array_start, .)
 *(SORT(.init_array.*))
 .init_array.00000
                0x00001a54        0x4 /home/tlopfest/NXP/S32DS.3.4/S32DS/build_tools/gcc_v6.3/gcc-6.3-arm32-eabi/arm-none-eabi/newlib/lib/thumb/v7e-m/libc.a(lib_a-__call_atexit.o)
 *(.init_array*)
 .init_array    0x00001a58        0x4 /home/tlopfest/NXP/S32DS.3.4/S32DS/build_tools/gcc_v6.3/gcc-6.3-arm32-eabi/bin/../lib/gcc/arm-none-eabi/6.3.1/thumb/v7e-m/crtbegin.o
                0x00001a5c                PROVIDE (__init_array_end, .)

.fini_array     0x00001a5c        0x4
                0x00001a5c                PROVIDE (__fini_array_start, .)
 *(SORT(.fini_array.*))
 *(.fini_array*)
 .fini_array    0x00001a5c        0x4 /home/tlopfest/NXP/S32DS.3.4/S32DS/build_tools/gcc_v6.3/gcc-6.3-arm32-eabi/bin/../lib/gcc/arm-none-eabi/6.3.1/thumb/v7e-m/crtbegin.o
                0x00001a60                PROVIDE (__fini_array_end, .)
                0x00001a60                __etext = .
                0x00001a60                __DATA_ROM = .

.interrupts_ram
                0x1fff8000      0x400
                0x1fff8000                . = ALIGN (0x4)
                0x1fff8000                __VECTOR_RAM__ = .
                0x1fff8000                __RAM_START = .
                0x1fff8000                __interrupts_ram_start__ = .
 *(.m_interrupts_ram)
                0x1fff8400                . = (. + M_VECTOR_RAM_SIZE)
 *fill*         0x1fff8000      0x400 
                0x1fff8400                . = ALIGN (0x4)
                0x1fff8400                __interrupts_ram_end__ = .
                0x1fff8000                __VECTOR_RAM = DEFINED (__flash_vector_table__)?ORIGIN (m_interrupts):__VECTOR_RAM__
                0x00000400                __RAM_VECTOR_TABLE_SIZE = DEFINED (__flash_vector_table__)?0x0:(__interrupts_ram_end__ - __interrupts_ram_start__)

.data           0x1fff8400      0x41c load address 0x00001a60
                0x1fff8400                . = ALIGN (0x4)
                0x1fff8400                __DATA_RAM = .
                0x1fff8400                __data_start__ = .
 *(.data)
 *(.data*)
 .data.impure_data
                0x1fff8400      0x418 /home/tlopfest/NXP/S32DS.3.4/S32DS/build_tools/gcc_v6.3/gcc-6.3-arm32-eabi/arm-none-eabi/newlib/lib/thumb/v7e-m/libc.a(lib_a-impure.o)
 *(.jcr*)
 .jcr           0x1fff8818        0x0 /home/tlopfest/NXP/S32DS.3.4/S32DS/build_tools/gcc_v6.3/gcc-6.3-arm32-eabi/bin/../lib/gcc/arm-none-eabi/6.3.1/thumb/v7e-m/crtbegin.o
 .jcr           0x1fff8818        0x4 /home/tlopfest/NXP/S32DS.3.4/S32DS/build_tools/gcc_v6.3/gcc-6.3-arm32-eabi/bin/../lib/gcc/arm-none-eabi/6.3.1/thumb/v7e-m/crtend.o
                0x1fff881c                . = ALIGN (0x4)
                0x1fff881c                __data_end__ = .
                0x00001e7c                __DATA_END = (__DATA_ROM + (__data_end__ - __data_start__))
                0x00001e7c                __CODE_ROM = __DATA_END

.tm_clone_table
                0x1fff881c        0x0 load address 0x00001e7c
 .tm_clone_table
                0x1fff881c        0x0 /home/tlopfest/NXP/S32DS.3.4/S32DS/build_tools/gcc_v6.3/gcc-6.3-arm32-eabi/bin/../lib/gcc/arm-none-eabi/6.3.1/thumb/v7e-m/crtbegin.o
 .tm_clone_table
                0x1fff881c        0x0 /home/tlopfest/NXP/S32DS.3.4/S32DS/build_tools/gcc_v6.3/gcc-6.3-arm32-eabi/bin/../lib/gcc/arm-none-eabi/6.3.1/thumb/v7e-m/crtend.o

.igot.plt       0x1fff881c        0x0 load address 0x00001e7c
 .igot.plt      0x1fff881c        0x0 /home/tlopfest/NXP/S32DS.3.4/S32DS/build_tools/gcc_v6.3/gcc-6.3-arm32-eabi/bin/../lib/gcc/arm-none-eabi/6.3.1/thumb/v7e-m/crtbegin.o

.code           0x1fff881c        0x0 load address 0x00001e7c
                0x1fff881c                . = ALIGN (0x4)
                0x1fff881c                __CODE_RAM = .
                0x1fff881c                __code_start__ = .
                0x1fff881c                __code_ram_start__ = .
 *(.code_ram)
                0x1fff881c                . = ALIGN (0x4)
                0x1fff881c                __code_end__ = .
                0x1fff881c                __code_ram_end__ = .
                0x00001e7c                __CODE_END = (__CODE_ROM + (__code_end__ - __code_start__))
                0x00001e7c                __CUSTOM_ROM = __CODE_END

.customSectionBlock
                0x20000000        0x0 load address 0x00001e7c
                0x20000000                __customSection_start__ = .
 *(.customSection)
                0x20000000                __customSection_end__ = .
                0x00001e7c                __CUSTOM_END = (__CUSTOM_ROM + (__customSection_end__ - __customSection_start__))

.bss            0x20000000      0x504
                0x20000000                . = ALIGN (0x4)
                0x20000000                __BSS_START = .
                0x20000000                __bss_start__ = .
 *(.bss)
 .bss           0x20000000       0x1c /home/tlopfest/NXP/S32DS.3.4/S32DS/build_tools/gcc_v6.3/gcc-6.3-arm32-eabi/bin/../lib/gcc/arm-none-eabi/6.3.1/thumb/v7e-m/crtbegin.o
 *(.bss*)
 .bss.input_1_avg
                0x2000001c        0x4 ./src/main.o
                0x2000001c                input_1_avg
 .bss.input_2_avg
                0x20000020        0x4 ./src/main.o
                0x20000020                input_2_avg
 .bss.avg       0x20000024        0x4 ./src/main.o
                0x20000024                avg
 .bss.final_input
                0x20000028        0x4 ./src/main.o
                0x20000028                final_input
 .bss.counter   0x2000002c        0x4 ./src/main.o
                0x2000002c                counter
 .bss.Error_Codes
                0x20000030        0x4 ./src/main.o
                0x20000030                Error_Codes
 .bss.tmp_checker
                0x20000034        0x4 ./src/main.o
                0x20000034                tmp_checker
 .bss.tmp_checker2
                0x20000038        0x4 ./src/main.o
                0x20000038                tmp_checker2
 *(COMMON)
 COMMON         0x2000003c       0x18 ./include/FlexCAN.o
                0x2000003c                RxDATA
                0x20000044                RxID
                0x20000048                RxLENGTH
                0x2000004c                RxCODE
                0x20000050                RxTIMESTAMP
 COMMON         0x20000054      0x4b0 ./src/main.o
                0x20000054                error_input
                0x200001e4                input_2
                0x20000374                input_1
                0x20000504                . = ALIGN (0x4)
                0x20000504                __bss_end__ = .
                0x20000504                __BSS_END = .

.heap           0x20000504      0x404
                0x20000508                . = ALIGN (0x8)
 *fill*         0x20000504        0x4 
                0x20000508                __end__ = .
                0x20000508                __heap_start__ = .
                [!provide]                PROVIDE (end, .)
                [!provide]                PROVIDE (_end, .)
                [!provide]                PROVIDE (__end, .)
                0x20000508                __HeapBase = .
                0x20000908                . = (. + HEAP_SIZE)
 *fill*         0x20000508      0x400 
                0x20000908                __HeapLimit = .
                0x20000908                __heap_limit = .
                0x20000908                __heap_end__ = .
                0x20007000                __StackTop = (ORIGIN (m_data_2) + LENGTH (m_data_2))
                0x20006c00                __StackLimit = (__StackTop - STACK_SIZE)
                0x20007000                PROVIDE (__stack, __StackTop)
                0x20007000                __RAM_END = __StackTop

.stack          0x20006c00      0x400
                0x20006c00                . = ALIGN (0x8)
                0x20006c00                __stack_start__ = .
                0x20007000                . = (. + STACK_SIZE)
 *fill*         0x20006c00      0x400 
                0x20007000                __stack_end__ = .
                0x20000000                __START_BSS = __BSS_START
                0x20000504                __END_BSS = __BSS_END
                0x20007000                __SP_INIT = __StackTop

.ARM.attributes
                0x00000000       0x2a
 *(.ARM.attributes)
 .ARM.attributes
                0x00000000       0x1e /home/tlopfest/NXP/S32DS.3.4/S32DS/build_tools/gcc_v6.3/gcc-6.3-arm32-eabi/bin/../lib/gcc/arm-none-eabi/6.3.1/thumb/v7e-m/crti.o
 .ARM.attributes
                0x0000001e       0x2e /home/tlopfest/NXP/S32DS.3.4/S32DS/build_tools/gcc_v6.3/gcc-6.3-arm32-eabi/bin/../lib/gcc/arm-none-eabi/6.3.1/thumb/v7e-m/crtbegin.o
 .ARM.attributes
                0x0000004c       0x1c /home/tlopfest/NXP/S32DS.3.4/S32DS/build_tools/gcc_v6.3/gcc-6.3-arm32-eabi/arm-none-eabi/newlib/lib/thumb/v7e-m/crt0.o
 .ARM.attributes
                0x00000068       0x33 ./Project_Settings/Startup_Code/startup.o
 .ARM.attributes
                0x0000009b       0x1b ./Project_Settings/Startup_Code/startup_S32K144.o
 .ARM.attributes
                0x000000b6       0x33 ./Project_Settings/Startup_Code/system_S32K144.o
 .ARM.attributes
                0x000000e9       0x33 ./include/ADC.o
 .ARM.attributes
                0x0000011c       0x33 ./include/FlexCAN.o
 .ARM.attributes
                0x0000014f       0x33 ./include/clocks_and_modes.o
 .ARM.attributes
                0x00000182       0x33 ./src/main.o
 .ARM.attributes
                0x000001b5       0x1e /home/tlopfest/NXP/S32DS.3.4/S32DS/build_tools/gcc_v6.3/gcc-6.3-arm32-eabi/bin/../lib/gcc/arm-none-eabi/6.3.1/thumb/v7e-m/libgcc.a(_arm_addsubdf3.o)
 .ARM.attributes
                0x000001d3       0x1e /home/tlopfest/NXP/S32DS.3.4/S32DS/build_tools/gcc_v6.3/gcc-6.3-arm32-eabi/bin/../lib/gcc/arm-none-eabi/6.3.1/thumb/v7e-m/libgcc.a(_arm_muldivdf3.o)
 .ARM.attributes
                0x000001f1       0x1e /home/tlopfest/NXP/S32DS.3.4/S32DS/build_tools/gcc_v6.3/gcc-6.3-arm32-eabi/bin/../lib/gcc/arm-none-eabi/6.3.1/thumb/v7e-m/libgcc.a(_arm_fixunsdfsi.o)
 .ARM.attributes
                0x0000020f       0x2e /home/tlopfest/NXP/S32DS.3.4/S32DS/build_tools/gcc_v6.3/gcc-6.3-arm32-eabi/arm-none-eabi/newlib/lib/thumb/v7e-m/libc.a(lib_a-exit.o)
 .ARM.attributes
                0x0000023d       0x2e /home/tlopfest/NXP/S32DS.3.4/S32DS/build_tools/gcc_v6.3/gcc-6.3-arm32-eabi/arm-none-eabi/newlib/lib/thumb/v7e-m/libc.a(lib_a-impure.o)
 .ARM.attributes
                0x0000026b       0x2e /home/tlopfest/NXP/S32DS.3.4/S32DS/build_tools/gcc_v6.3/gcc-6.3-arm32-eabi/arm-none-eabi/newlib/lib/thumb/v7e-m/libc.a(lib_a-init.o)
 .ARM.attributes
                0x00000299       0x2e /home/tlopfest/NXP/S32DS.3.4/S32DS/build_tools/gcc_v6.3/gcc-6.3-arm32-eabi/arm-none-eabi/newlib/lib/thumb/v7e-m/libc.a(lib_a-memset.o)
 .ARM.attributes
                0x000002c7       0x2e /home/tlopfest/NXP/S32DS.3.4/S32DS/build_tools/gcc_v6.3/gcc-6.3-arm32-eabi/arm-none-eabi/newlib/lib/thumb/v7e-m/libc.a(lib_a-__call_atexit.o)
 .ARM.attributes
                0x000002f5       0x2e /home/tlopfest/NXP/S32DS.3.4/S32DS/build_tools/gcc_v6.3/gcc-6.3-arm32-eabi/arm-none-eabi/newlib/lib/thumb/v7e-m/libc.a(lib_a-fini.o)
 .ARM.attributes
                0x00000323       0x2e /home/tlopfest/NXP/S32DS.3.4/S32DS/build_tools/gcc_v6.3/gcc-6.3-arm32-eabi/arm-none-eabi/newlib/lib/thumb/v7e-m/libc.a(lib_a-atexit.o)
 .ARM.attributes
                0x00000351       0x2e /home/tlopfest/NXP/S32DS.3.4/S32DS/build_tools/gcc_v6.3/gcc-6.3-arm32-eabi/arm-none-eabi/newlib/lib/thumb/v7e-m/libc.a(lib_a-__atexit.o)
 .ARM.attributes
                0x0000037f       0x2e /home/tlopfest/NXP/S32DS.3.4/S32DS/build_tools/gcc_v6.3/gcc-6.3-arm32-eabi/arm-none-eabi/newlib/lib/thumb/v7e-m/libnosys.a(_exit.o)
 .ARM.attributes
                0x000003ad       0x2e /home/tlopfest/NXP/S32DS.3.4/S32DS/build_tools/gcc_v6.3/gcc-6.3-arm32-eabi/bin/../lib/gcc/arm-none-eabi/6.3.1/thumb/v7e-m/crtend.o
 .ARM.attributes
                0x000003db       0x1e /home/tlopfest/NXP/S32DS.3.4/S32DS/build_tools/gcc_v6.3/gcc-6.3-arm32-eabi/bin/../lib/gcc/arm-none-eabi/6.3.1/thumb/v7e-m/crtn.o
                0x00000001                ASSERT ((__StackLimit >= __HeapLimit), region m_data_2 overflowed with stack and heap)
OUTPUT(Full_ADC_CAN_Failsafe_Code.elf elf32-littlearm)

.comment        0x00000000       0xa0
 .comment       0x00000000       0xa0 /home/tlopfest/NXP/S32DS.3.4/S32DS/build_tools/gcc_v6.3/gcc-6.3-arm32-eabi/bin/../lib/gcc/arm-none-eabi/6.3.1/thumb/v7e-m/crtbegin.o
                                 0xa1 (size before relaxing)
 .comment       0x000000a0       0xa1 ./Project_Settings/Startup_Code/startup.o
 .comment       0x000000a0       0xa1 ./Project_Settings/Startup_Code/system_S32K144.o
 .comment       0x000000a0       0xa1 ./include/ADC.o
 .comment       0x000000a0       0xa1 ./include/FlexCAN.o
 .comment       0x000000a0       0xa1 ./include/clocks_and_modes.o
 .comment       0x000000a0       0xa1 ./src/main.o
 .comment       0x000000a0       0xa1 /home/tlopfest/NXP/S32DS.3.4/S32DS/build_tools/gcc_v6.3/gcc-6.3-arm32-eabi/bin/../lib/gcc/arm-none-eabi/6.3.1/thumb/v7e-m/crtend.o

.debug_info     0x00000000     0x1e1a
 .debug_info    0x00000000      0x471 ./Project_Settings/Startup_Code/startup.o
 .debug_info    0x00000471       0x26 ./Project_Settings/Startup_Code/startup_S32K144.o
 .debug_info    0x00000497      0x522 ./Project_Settings/Startup_Code/system_S32K144.o
 .debug_info    0x000009b9      0x32e ./include/ADC.o
 .debug_info    0x00000ce7      0x567 ./include/FlexCAN.o
 .debug_info    0x0000124e      0x27f ./include/clocks_and_modes.o
 .debug_info    0x000014cd      0x94d ./src/main.o

.debug_abbrev   0x00000000      0x748
 .debug_abbrev  0x00000000      0x108 ./Project_Settings/Startup_Code/startup.o
 .debug_abbrev  0x00000108       0x14 ./Project_Settings/Startup_Code/startup_S32K144.o
 .debug_abbrev  0x0000011c      0x125 ./Project_Settings/Startup_Code/system_S32K144.o
 .debug_abbrev  0x00000241      0x125 ./include/ADC.o
 .debug_abbrev  0x00000366      0x14e ./include/FlexCAN.o
 .debug_abbrev  0x000004b4       0xc2 ./include/clocks_and_modes.o
 .debug_abbrev  0x00000576      0x1d2 ./src/main.o

.debug_aranges  0x00000000      0x198
 .debug_aranges
                0x00000000       0x20 ./Project_Settings/Startup_Code/startup.o
 .debug_aranges
                0x00000020       0x20 ./Project_Settings/Startup_Code/startup_S32K144.o
 .debug_aranges
                0x00000040       0x30 ./Project_Settings/Startup_Code/system_S32K144.o
 .debug_aranges
                0x00000070       0x38 ./include/ADC.o
 .debug_aranges
                0x000000a8       0x48 ./include/FlexCAN.o
 .debug_aranges
                0x000000f0       0x30 ./include/clocks_and_modes.o
 .debug_aranges
                0x00000120       0x78 ./src/main.o

.debug_ranges   0x00000000      0x118
 .debug_ranges  0x00000000       0x10 ./Project_Settings/Startup_Code/startup.o
 .debug_ranges  0x00000010       0x20 ./Project_Settings/Startup_Code/system_S32K144.o
 .debug_ranges  0x00000030       0x28 ./include/ADC.o
 .debug_ranges  0x00000058       0x38 ./include/FlexCAN.o
 .debug_ranges  0x00000090       0x20 ./include/clocks_and_modes.o
 .debug_ranges  0x000000b0       0x68 ./src/main.o

.debug_macro    0x00000000    0x1fa8a
 .debug_macro   0x00000000       0xb5 ./Project_Settings/Startup_Code/startup.o
 .debug_macro   0x000000b5      0x8d4 ./Project_Settings/Startup_Code/startup.o
 .debug_macro   0x00000989       0x22 ./Project_Settings/Startup_Code/startup.o
 .debug_macro   0x000009ab       0x87 ./Project_Settings/Startup_Code/startup.o
 .debug_macro   0x00000a32       0x51 ./Project_Settings/Startup_Code/startup.o
 .debug_macro   0x00000a83       0xef ./Project_Settings/Startup_Code/startup.o
 .debug_macro   0x00000b72       0x6a ./Project_Settings/Startup_Code/startup.o
 .debug_macro   0x00000bdc      0x1df ./Project_Settings/Startup_Code/startup.o
 .debug_macro   0x00000dbb       0x10 ./Project_Settings/Startup_Code/startup.o
 .debug_macro   0x00000dcb       0x7a ./Project_Settings/Startup_Code/startup.o
 .debug_macro   0x00000e45     0xee97 ./Project_Settings/Startup_Code/startup.o
 .debug_macro   0x0000fcdc      0xbbe ./Project_Settings/Startup_Code/startup.o
 .debug_macro   0x0001089a       0x22 ./Project_Settings/Startup_Code/startup.o
 .debug_macro   0x000108bc       0x40 ./Project_Settings/Startup_Code/startup.o
 .debug_macro   0x000108fc       0xb5 ./Project_Settings/Startup_Code/system_S32K144.o
 .debug_macro   0x000109b1       0x19 ./Project_Settings/Startup_Code/system_S32K144.o
 .debug_macro   0x000109ca     0xee82 ./Project_Settings/Startup_Code/system_S32K144.o
 .debug_macro   0x0001f84c       0x28 ./Project_Settings/Startup_Code/system_S32K144.o
 .debug_macro   0x0001f874       0x7c ./include/ADC.o
 .debug_macro   0x0001f8f0       0x82 ./include/FlexCAN.o
 .debug_macro   0x0001f972       0x7c ./include/clocks_and_modes.o
 .debug_macro   0x0001f9ee       0x9c ./src/main.o

.debug_line     0x00000000     0x14b9
 .debug_line    0x00000000      0x35d ./Project_Settings/Startup_Code/startup.o
 .debug_line    0x0000035d       0x91 ./Project_Settings/Startup_Code/startup_S32K144.o
 .debug_line    0x000003ee      0x37a ./Project_Settings/Startup_Code/system_S32K144.o
 .debug_line    0x00000768      0x29a ./include/ADC.o
 .debug_line    0x00000a02      0x331 ./include/FlexCAN.o
 .debug_line    0x00000d33      0x2ce ./include/clocks_and_modes.o
 .debug_line    0x00001001      0x4b8 ./src/main.o

.debug_str      0x00000000    0x69d1b
 .debug_str     0x00000000    0x69538 ./Project_Settings/Startup_Code/startup.o
                              0x69760 (size before relaxing)
 .debug_str     0x00069538       0x3f ./Project_Settings/Startup_Code/startup_S32K144.o
                                 0x8d (size before relaxing)
 .debug_str     0x00069577      0x1f3 ./Project_Settings/Startup_Code/system_S32K144.o
                              0x69539 (size before relaxing)
 .debug_str     0x0006976a      0x107 ./include/ADC.o
                              0x63928 (size before relaxing)
 .debug_str     0x00069871      0x225 ./include/FlexCAN.o
                              0x63a82 (size before relaxing)
 .debug_str     0x00069a96       0x67 ./include/clocks_and_modes.o
                              0x63945 (size before relaxing)
 .debug_str     0x00069afd      0x21e ./src/main.o
                              0x63bf8 (size before relaxing)

.debug_frame    0x00000000      0x6fc
 .debug_frame   0x00000000       0x38 ./Project_Settings/Startup_Code/startup.o
 .debug_frame   0x00000038       0x80 ./Project_Settings/Startup_Code/system_S32K144.o
 .debug_frame   0x000000b8       0xa0 ./include/ADC.o
 .debug_frame   0x00000158       0xf8 ./include/FlexCAN.o
 .debug_frame   0x00000250       0x70 ./include/clocks_and_modes.o
 .debug_frame   0x000002c0      0x1b4 ./src/main.o
 .debug_frame   0x00000474       0xac /home/tlopfest/NXP/S32DS.3.4/S32DS/build_tools/gcc_v6.3/gcc-6.3-arm32-eabi/bin/../lib/gcc/arm-none-eabi/6.3.1/thumb/v7e-m/libgcc.a(_arm_addsubdf3.o)
 .debug_frame   0x00000520       0x50 /home/tlopfest/NXP/S32DS.3.4/S32DS/build_tools/gcc_v6.3/gcc-6.3-arm32-eabi/bin/../lib/gcc/arm-none-eabi/6.3.1/thumb/v7e-m/libgcc.a(_arm_muldivdf3.o)
 .debug_frame   0x00000570       0x24 /home/tlopfest/NXP/S32DS.3.4/S32DS/build_tools/gcc_v6.3/gcc-6.3-arm32-eabi/bin/../lib/gcc/arm-none-eabi/6.3.1/thumb/v7e-m/libgcc.a(_arm_fixunsdfsi.o)
 .debug_frame   0x00000594       0x28 /home/tlopfest/NXP/S32DS.3.4/S32DS/build_tools/gcc_v6.3/gcc-6.3-arm32-eabi/arm-none-eabi/newlib/lib/thumb/v7e-m/libc.a(lib_a-exit.o)
 .debug_frame   0x000005bc       0x2c /home/tlopfest/NXP/S32DS.3.4/S32DS/build_tools/gcc_v6.3/gcc-6.3-arm32-eabi/arm-none-eabi/newlib/lib/thumb/v7e-m/libc.a(lib_a-init.o)
 .debug_frame   0x000005e8       0x20 /home/tlopfest/NXP/S32DS.3.4/S32DS/build_tools/gcc_v6.3/gcc-6.3-arm32-eabi/arm-none-eabi/newlib/lib/thumb/v7e-m/libc.a(lib_a-memset.o)
 .debug_frame   0x00000608       0x4c /home/tlopfest/NXP/S32DS.3.4/S32DS/build_tools/gcc_v6.3/gcc-6.3-arm32-eabi/arm-none-eabi/newlib/lib/thumb/v7e-m/libc.a(lib_a-__call_atexit.o)
 .debug_frame   0x00000654       0x38 /home/tlopfest/NXP/S32DS.3.4/S32DS/build_tools/gcc_v6.3/gcc-6.3-arm32-eabi/arm-none-eabi/newlib/lib/thumb/v7e-m/libc.a(lib_a-fini.o)
 .debug_frame   0x0000068c       0x20 /home/tlopfest/NXP/S32DS.3.4/S32DS/build_tools/gcc_v6.3/gcc-6.3-arm32-eabi/arm-none-eabi/newlib/lib/thumb/v7e-m/libc.a(lib_a-atexit.o)
 .debug_frame   0x000006ac       0x30 /home/tlopfest/NXP/S32DS.3.4/S32DS/build_tools/gcc_v6.3/gcc-6.3-arm32-eabi/arm-none-eabi/newlib/lib/thumb/v7e-m/libc.a(lib_a-__atexit.o)
 .debug_frame   0x000006dc       0x20 /home/tlopfest/NXP/S32DS.3.4/S32DS/build_tools/gcc_v6.3/gcc-6.3-arm32-eabi/arm-none-eabi/newlib/lib/thumb/v7e-m/libnosys.a(_exit.o)
